========================================================================================================================
BharatMarkets Onyx Pro Terminal - Pipeline Execution Log
Started: 2026-09-11 15:15:24
========================================================================================================================


========================================================================================================================
INITIALIZATION
========================================================================================================================
[2026-09-11 15:15:24] [INIT      ] Reading tickers from screener_raw_data.json
[2026-09-11 15:15:24] [INIT      ] Found 121 tickers from screener_raw
[2026-09-11 15:15:24] [INIT      ] Added 17 MF/SGB ticker(s) from unified-symbols.json: ADITYA BIRLA SUN LIFE DIGITAL INDIA FUND GROWTH, ADITYA BIRLA SUN LIFE FOCUSED FUND GROWTH, AXIS SMALL CAP FUND GROWTH, BANDHAN ELSS TAX SAVER FUND GROWTH, BARODA BNP PARIBAS AGGRESSIVE HYBRID FUND GROWTH, FRANKLIN INDIA FOCUSED EQUITY FUND GROWTH, ICICI PRUDENTIAL TECHNOLOGY FUND GROWTH, ICICI PRUDENTIAL VALUE FUND GROWTH, KOTAK FLEXICAP FUND GROWTH, KOTAK SMALLCAP FUND REGULAR GROWTH, MIRAEAMC - SMALLCAP, NIPPON INDIA FOCUSED FUND GROWTH PLAN, QSIF EQUITY LONG-SHORT FUND-REGULAR PLAN-GROWTH, SBI Focused FUND Regular GROWTH, SBI SMALL CAP FUND REGULAR GROWTH, SBI TECHNOLOGY OPPORTUNITIES FUND GROWTH, SGBFEB32IV
[2026-09-11 15:15:24] [INIT      ] Processing tickers: AADHARHFC, ABCAPITAL, ABFRL, ACMESOLAR, AEROENTER, AFCONS, APOLLOHOSP, ARE&M, ARROWGREEN, ASALCBR, AVANTEL, AVANTIFEED, AWHCL, AZAD, AZADIND, BDL, BIOCON, BLACKBOX, CAPITALNUM, CDSL, CELLO, CHAMBLFERT, COCHINSHIP, COFORGE, DATAMATICS, DATAPATTNS, DHARMAJ, DRREDDY, ENGINERSIN, EQUITASBNK, FEDERALBNK, FINCABLES, FSL, GANESHCP, GESHIP, GMRAIRPORT, GRAPHITE, GREAVESCOT, GRSE, HAL, HBLENGINE, HDFCBANK, HDFCLIFE, HEBL, HFCL, HINDCOPPER, HINDZINC, HIRECT, ICICIBANK, IDFCFIRSTB, IGIL, INDIANB, INDOTECH, INDUSTOWER, INOXINDIA, INTELLECT, INTERARCH, IOC, IREDA, ITC, JUNIORBEES, JYOTHYLAB, KAYNES, KEI, KPENERGY, KPPL, LMW, MAHABANK, MAITHANALL, MAPMYINDIA, MARKSANS, MBEL, MCDOWELL-N, MEDANTA, MIRZAINT, MMFL, NAVA, NCC, NETWEB, NIFTYBEES, OIL, PACEDIGITK, PAISALO, PFC, PNB, POWERGRID, PVRINOX, QUALITY, RATEGAIN, RECLTD, REDTAPE, REPCOHOME, REVATHI, ROSSTECH, S&SPOWER, SAGILITY, SANDUMA, SBIN, SESHAPAPER, SHILCHAR, SHREEREF, SIKA, SKMEGGPROD, SUNFLAG, SUPRIYA, SUYOG, SUZLON, TATAPOWER, TDPOWERSYS, TITANBIO, TRUALT, VAML, VEDL, VEDPOWER, VENTIVE, VISL, VOGL, VOLTAMP, WEWORK, ZENTEC, ZINKA, ADITYA BIRLA SUN LIFE DIGITAL INDIA FUND GROWTH, ADITYA BIRLA SUN LIFE FOCUSED FUND GROWTH, AXIS SMALL CAP FUND GROWTH, BANDHAN ELSS TAX SAVER FUND GROWTH, BARODA BNP PARIBAS AGGRESSIVE HYBRID FUND GROWTH, FRANKLIN INDIA FOCUSED EQUITY FUND GROWTH, ICICI PRUDENTIAL TECHNOLOGY FUND GROWTH, ICICI PRUDENTIAL VALUE FUND GROWTH, KOTAK FLEXICAP FUND GROWTH, KOTAK SMALLCAP FUND REGULAR GROWTH, MIRAEAMC - SMALLCAP, NIPPON INDIA FOCUSED FUND GROWTH PLAN, QSIF EQUITY LONG-SHORT FUND-REGULAR PLAN-GROWTH, SBI Focused FUND Regular GROWTH, SBI SMALL CAP FUND REGULAR GROWTH, SBI TECHNOLOGY OPPORTUNITIES FUND GROWTH, SGBFEB32IV
[2026-09-11 15:15:24] [INIT      ] Input directory: /home/runner/work/bharatmarkets/bharatmarkets/data
[2026-09-11 15:15:24] [INIT      ] Output: /home/runner/work/bharatmarkets/bharatmarkets/data/market_data_raw.json

========================================================================================================================
DATA PROCESSING
========================================================================================================================

========================================================================================================================
LOADING SOURCE FILES
========================================================================================================================
[2026-09-11 15:15:24] [LOAD      ] ✓ Loaded screener_fin         (4 keys)
[2026-09-11 15:15:24] [LOAD      ] ✓ Loaded screener_raw         (122 keys)
[2026-09-11 15:15:24] [LOAD      ] ✓ Loaded yahoofin_fin         (123 keys)
[2026-09-11 15:15:24] [LOAD      ] ✓ Loaded yahoofin_raw         (123 keys)
[2026-09-11 15:15:24] [LOAD      ] ✓ Loaded guidance             (123 keys)
[2026-09-11 15:15:24] [LOAD      ] ✓ Loaded prices               (5 keys)
[2026-09-11 15:15:24] [LOAD      ] ✓ Loaded nav                  (17 keys)
[2026-09-11 15:15:24] [LOAD      ] ✓ Loaded unified_symbols      (3 keys)
[2026-09-11 15:15:24] [TICKER    ] 
>>> Processing AADHARHFC
[2026-09-11 15:15:24] [SUCCESS   ] 
✓ AADHARHFC - Loaded 281 metrics across 28 sections
[2026-09-11 15:15:24] [SUMMARY   ]   Rejections: 2
[2026-09-11 15:15:24] [DETAIL    ]     - screener_raw | Quarterly Results | Raw PDF — always empty, excluded
[2026-09-11 15:15:24] [DETAIL    ]     - screener_raw | Insights | Paywalled — excluded
[2026-09-11 15:15:24] [TICKER    ] 
>>> Processing ABCAPITAL
[2026-09-11 15:15:24] [SUCCESS   ] 
✓ ABCAPITAL - Loaded 285 metrics across 28 sections
[2026-09-11 15:15:24] [SUMMARY   ]   Rejections: 2
[2026-09-11 15:15:24] [DETAIL    ]     - screener_raw | Quarterly Results | Raw PDF — always empty, excluded
[2026-09-11 15:15:24] [DETAIL    ]     - screener_raw | Insights | Paywalled — excluded
[2026-09-11 15:15:24] [TICKER    ] 
>>> Processing ABFRL
[2026-09-11 15:15:24] [SUCCESS   ] 
✓ ABFRL - Loaded 292 metrics across 28 sections
[2026-09-11 15:15:24] [SUMMARY   ]   Rejections: 2
[2026-09-11 15:15:24] [DETAIL    ]     - screener_raw | Quarterly Results | Raw PDF — always empty, excluded
[2026-09-11 15:15:24] [DETAIL    ]     - screener_raw | Insights | Paywalled — excluded
[2026-09-11 15:15:24] [TICKER    ] 
>>> Processing ACMESOLAR
[2026-09-11 15:15:24] [SUCCESS   ] 
✓ ACMESOLAR - Loaded 297 metrics across 28 sections
[2026-09-11 15:15:24] [SUMMARY   ]   Rejections: 2
[2026-09-11 15:15:24] [DETAIL    ]     - screener_raw | Quarterly Results | Raw PDF — always empty, excluded
[2026-09-11 15:15:24] [DETAIL    ]     - screener_raw | Insights | Paywalled — excluded
[2026-09-11 15:15:24] [TICKER    ] 
>>> Processing AEROENTER
[2026-09-11 15:15:24] [SUCCESS   ] 
✓ AEROENTER - Loaded 289 metrics across 28 sections
[2026-09-11 15:15:24] [SUMMARY   ]   Rejections: 2
[2026-09-11 15:15:24] [DETAIL    ]     - screener_raw | Quarterly Results | Raw PDF — always empty, excluded
[2026-09-11 15:15:24] [DETAIL    ]     - screener_raw | Insights | Paywalled — excluded
[2026-09-11 15:15:24] [TICKER    ] 
>>> Processing AFCONS
[2026-09-11 15:15:24] [SUCCESS   ] 
✓ AFCONS - Loaded 304 metrics across 28 sections
[2026-09-11 15:15:24] [SUMMARY   ]   Rejections: 2
[2026-09-11 15:15:24] [DETAIL    ]     - screener_raw | Quarterly Results | Raw PDF — always empty, excluded
[2026-09-11 15:15:24] [DETAIL    ]     - screener_raw | Insights | Paywalled — excluded
[2026-09-11 15:15:24] [TICKER    ] 
>>> Processing APOLLOHOSP
[2026-09-11 15:15:24] [SUCCESS   ] 
✓ APOLLOHOSP - Loaded 303 metrics across 28 sections
[2026-09-11 15:15:24] [SUMMARY   ]   Rejections: 2
[2026-09-11 15:15:24] [DETAIL    ]     - screener_raw | Quarterly Results | Raw PDF — always empty, excluded
[2026-09-11 15:15:24] [DETAIL    ]     - screener_raw | Insights | Paywalled — excluded
[2026-09-11 15:15:24] [TICKER    ] 
>>> Processing ARE&M
[2026-09-11 15:15:24] [SUCCESS   ] 
✓ ARE&M - Loaded 304 metrics across 28 sections
[2026-09-11 15:15:24] [SUMMARY   ]   Rejections: 2
[2026-09-11 15:15:24] [DETAIL    ]     - screener_raw | Quarterly Results | Raw PDF — always empty, excluded
[2026-09-11 15:15:24] [DETAIL    ]     - screener_raw | Insights | Paywalled — excluded
[2026-09-11 15:15:24] [TICKER    ] 
>>> Processing ARROWGREEN
[2026-09-11 15:15:24] [SUCCESS   ] 
✓ ARROWGREEN - Loaded 287 metrics across 28 sections
[2026-09-11 15:15:24] [SUMMARY   ]   Rejections: 2
[2026-09-11 15:15:24] [DETAIL    ]     - screener_raw | Quarterly Results | Raw PDF — always empty, excluded
[2026-09-11 15:15:24] [DETAIL    ]     - screener_raw | Insights | Paywalled — excluded
[2026-09-11 15:15:24] [TICKER    ] 
>>> Processing ASALCBR
[2026-09-11 15:15:24] [SUCCESS   ] 
✓ ASALCBR - Loaded 297 metrics across 28 sections
[2026-09-11 15:15:24] [SUMMARY   ]   Rejections: 2
[2026-09-11 15:15:24] [DETAIL    ]     - screener_raw | Quarterly Results | Raw PDF — always empty, excluded
[2026-09-11 15:15:24] [DETAIL    ]     - screener_raw | Insights | Paywalled — excluded
[2026-09-11 15:15:24] [TICKER    ] 
>>> Processing AVANTEL
[2026-09-11 15:15:24] [SUCCESS   ] 
✓ AVANTEL - Loaded 289 metrics across 28 sections
[2026-09-11 15:15:24] [SUMMARY   ]   Rejections: 2
[2026-09-11 15:15:24] [DETAIL    ]     - screener_raw | Quarterly Results | Raw PDF — always empty, excluded
[2026-09-11 15:15:24] [DETAIL    ]     - screener_raw | Insights | Paywalled — excluded
[2026-09-11 15:15:24] [TICKER    ] 
>>> Processing AVANTIFEED
[2026-09-11 15:15:24] [SUCCESS   ] 
✓ AVANTIFEED - Loaded 303 metrics across 28 sections
[2026-09-11 15:15:24] [SUMMARY   ]   Rejections: 2
[2026-09-11 15:15:24] [DETAIL    ]     - screener_raw | Quarterly Results | Raw PDF — always empty, excluded
[2026-09-11 15:15:24] [DETAIL    ]     - screener_raw | Insights | Paywalled — excluded
[2026-09-11 15:15:24] [TICKER    ] 
>>> Processing AWHCL
[2026-09-11 15:15:24] [SUCCESS   ] 
✓ AWHCL - Loaded 298 metrics across 28 sections
[2026-09-11 15:15:24] [SUMMARY   ]   Rejections: 2
[2026-09-11 15:15:24] [DETAIL    ]     - screener_raw | Quarterly Results | Raw PDF — always empty, excluded
[2026-09-11 15:15:24] [DETAIL    ]     - screener_raw | Insights | Paywalled — excluded
[2026-09-11 15:15:24] [TICKER    ] 
>>> Processing AZAD
[2026-09-11 15:15:24] [SUCCESS   ] 
✓ AZAD - Loaded 290 metrics across 28 sections
[2026-09-11 15:15:24] [SUMMARY   ]   Rejections: 2
[2026-09-11 15:15:24] [DETAIL    ]     - screener_raw | Quarterly Results | Raw PDF — always empty, excluded
[2026-09-11 15:15:24] [DETAIL    ]     - screener_raw | Insights | Paywalled — excluded
[2026-09-11 15:15:24] [TICKER    ] 
>>> Processing AZADIND
[2026-09-11 15:15:24] [SUCCESS   ] 
✓ AZADIND - Loaded 283 metrics across 28 sections
[2026-09-11 15:15:24] [SUMMARY   ]   Rejections: 2
[2026-09-11 15:15:24] [DETAIL    ]     - screener_raw | Quarterly Results | Raw PDF — always empty, excluded
[2026-09-11 15:15:24] [DETAIL    ]     - screener_raw | Insights | Paywalled — excluded
[2026-09-11 15:15:24] [TICKER    ] 
>>> Processing BDL
[2026-09-11 15:15:24] [SUCCESS   ] 
✓ BDL - Loaded 302 metrics across 28 sections
[2026-09-11 15:15:24] [SUMMARY   ]   Rejections: 2
[2026-09-11 15:15:24] [DETAIL    ]     - screener_raw | Quarterly Results | Raw PDF — always empty, excluded
[2026-09-11 15:15:24] [DETAIL    ]     - screener_raw | Insights | Paywalled — excluded
[2026-09-11 15:15:24] [TICKER    ] 
>>> Processing BIOCON
[2026-09-11 15:15:24] [SUCCESS   ] 
✓ BIOCON - Loaded 306 metrics across 28 sections
[2026-09-11 15:15:24] [SUMMARY   ]   Rejections: 2
[2026-09-11 15:15:24] [DETAIL    ]     - screener_raw | Quarterly Results | Raw PDF — always empty, excluded
[2026-09-11 15:15:24] [DETAIL    ]     - screener_raw | Insights | Paywalled — excluded
[2026-09-11 15:15:24] [TICKER    ] 
>>> Processing BLACKBOX
[2026-09-11 15:15:24] [SUCCESS   ] 
✓ BLACKBOX - Loaded 305 metrics across 28 sections
[2026-09-11 15:15:24] [SUMMARY   ]   Rejections: 2
[2026-09-11 15:15:24] [DETAIL    ]     - screener_raw | Quarterly Results | Raw PDF — always empty, excluded
[2026-09-11 15:15:24] [DETAIL    ]     - screener_raw | Insights | Paywalled — excluded
[2026-09-11 15:15:24] [TICKER    ] 
>>> Processing CAPITALNUM
[2026-09-11 15:15:24] [SUCCESS   ] 
✓ CAPITALNUM - Loaded 280 metrics across 27 sections
[2026-09-11 15:15:24] [SUMMARY   ]   Rejections: 2
[2026-09-11 15:15:24] [DETAIL    ]     - screener_raw | Half Yearly Results | Raw PDF — always empty, excluded
[2026-09-11 15:15:24] [DETAIL    ]     - screener_raw | Insights | Paywalled — excluded
[2026-09-11 15:15:24] [TICKER    ] 
>>> Processing CDSL
[2026-09-11 15:15:24] [SUCCESS   ] 
✓ CDSL - Loaded 306 metrics across 28 sections
[2026-09-11 15:15:24] [SUMMARY   ]   Rejections: 2
[2026-09-11 15:15:24] [DETAIL    ]     - screener_raw | Quarterly Results | Raw PDF — always empty, excluded
[2026-09-11 15:15:24] [DETAIL    ]     - screener_raw | Insights | Paywalled — excluded
[2026-09-11 15:15:24] [TICKER    ] 
>>> Processing CELLO
[2026-09-11 15:15:24] [SUCCESS   ] 
✓ CELLO - Loaded 296 metrics across 28 sections
[2026-09-11 15:15:24] [SUMMARY   ]   Rejections: 2
[2026-09-11 15:15:24] [DETAIL    ]     - screener_raw | Quarterly Results | Raw PDF — always empty, excluded
[2026-09-11 15:15:24] [DETAIL    ]     - screener_raw | Insights | Paywalled — excluded
[2026-09-11 15:15:24] [TICKER    ] 
>>> Processing CHAMBLFERT
[2026-09-11 15:15:24] [SUCCESS   ] 
✓ CHAMBLFERT - Loaded 300 metrics across 28 sections
[2026-09-11 15:15:24] [SUMMARY   ]   Rejections: 2
[2026-09-11 15:15:24] [DETAIL    ]     - screener_raw | Quarterly Results | Raw PDF — always empty, excluded
[2026-09-11 15:15:24] [DETAIL    ]     - screener_raw | Insights | Paywalled — excluded
[2026-09-11 15:15:24] [TICKER    ] 
>>> Processing COCHINSHIP
[2026-09-11 15:15:24] [SUCCESS   ] 
✓ COCHINSHIP - Loaded 300 metrics across 28 sections
[2026-09-11 15:15:24] [SUMMARY   ]   Rejections: 2
[2026-09-11 15:15:24] [DETAIL    ]     - screener_raw | Quarterly Results | Raw PDF — always empty, excluded
[2026-09-11 15:15:24] [DETAIL    ]     - screener_raw | Insights | Paywalled — excluded
[2026-09-11 15:15:24] [TICKER    ] 
>>> Processing COFORGE
[2026-09-11 15:15:24] [SUCCESS   ] 
✓ COFORGE - Loaded 306 metrics across 28 sections
[2026-09-11 15:15:24] [SUMMARY   ]   Rejections: 2
[2026-09-11 15:15:24] [DETAIL    ]     - screener_raw | Quarterly Results | Raw PDF — always empty, excluded
[2026-09-11 15:15:24] [DETAIL    ]     - screener_raw | Insights | Paywalled — excluded
[2026-09-11 15:15:24] [TICKER    ] 
>>> Processing DATAMATICS
[2026-09-11 15:15:24] [SUCCESS   ] 
✓ DATAMATICS - Loaded 300 metrics across 28 sections
[2026-09-11 15:15:24] [SUMMARY   ]   Rejections: 2
[2026-09-11 15:15:24] [DETAIL    ]     - screener_raw | Quarterly Results | Raw PDF — always empty, excluded
[2026-09-11 15:15:24] [DETAIL    ]     - screener_raw | Insights | Paywalled — excluded
[2026-09-11 15:15:24] [TICKER    ] 
>>> Processing DATAPATTNS
[2026-09-11 15:15:24] [SUCCESS   ] 
✓ DATAPATTNS - Loaded 297 metrics across 28 sections
[2026-09-11 15:15:24] [SUMMARY   ]   Rejections: 2
[2026-09-11 15:15:24] [DETAIL    ]     - screener_raw | Quarterly Results | Raw PDF — always empty, excluded
[2026-09-11 15:15:24] [DETAIL    ]     - screener_raw | Insights | Paywalled — excluded
[2026-09-11 15:15:24] [TICKER    ] 
>>> Processing DHARMAJ
[2026-09-11 15:15:24] [SUCCESS   ] 
✓ DHARMAJ - Loaded 281 metrics across 28 sections
[2026-09-11 15:15:24] [SUMMARY   ]   Rejections: 2
[2026-09-11 15:15:24] [DETAIL    ]     - screener_raw | Quarterly Results | Raw PDF — always empty, excluded
[2026-09-11 15:15:24] [DETAIL    ]     - screener_raw | Insights | Paywalled — excluded
[2026-09-11 15:15:24] [TICKER    ] 
>>> Processing DRREDDY
[2026-09-11 15:15:24] [SUCCESS   ] 
✓ DRREDDY - Loaded 308 metrics across 28 sections
[2026-09-11 15:15:24] [SUMMARY   ]   Rejections: 2
[2026-09-11 15:15:24] [DETAIL    ]     - screener_raw | Quarterly Results | Raw PDF — always empty, excluded
[2026-09-11 15:15:24] [DETAIL    ]     - screener_raw | Insights | Paywalled — excluded
[2026-09-11 15:15:24] [TICKER    ] 
>>> Processing ENGINERSIN
[2026-09-11 15:15:24] [SUCCESS   ] 
✓ ENGINERSIN - Loaded 302 metrics across 28 sections
[2026-09-11 15:15:24] [SUMMARY   ]   Rejections: 2
[2026-09-11 15:15:24] [DETAIL    ]     - screener_raw | Quarterly Results | Raw PDF — always empty, excluded
[2026-09-11 15:15:24] [DETAIL    ]     - screener_raw | Insights | Paywalled — excluded
[2026-09-11 15:15:24] [TICKER    ] 
>>> Processing EQUITASBNK
[2026-09-11 15:15:24] [WARN      ] EQUITASBNK | Yahoo fin values appear to be in USD (ratio=66x) — skipping gap-fill
[2026-09-11 15:15:24] [SUCCESS   ] 
✓ EQUITASBNK - Loaded 223 metrics across 26 sections
[2026-09-11 15:15:24] [SUMMARY   ]   Rejections: 2
[2026-09-11 15:15:24] [DETAIL    ]     - screener_raw | Quarterly Results | Raw PDF — always empty, excluded
[2026-09-11 15:15:24] [DETAIL    ]     - screener_raw | Insights | Paywalled — excluded
[2026-09-11 15:15:24] [TICKER    ] 
>>> Processing FEDERALBNK
[2026-09-11 15:15:24] [SUCCESS   ] 
✓ FEDERALBNK - Loaded 293 metrics across 28 sections
[2026-09-11 15:15:24] [SUMMARY   ]   Rejections: 2
[2026-09-11 15:15:24] [DETAIL    ]     - screener_raw | Quarterly Results | Raw PDF — always empty, excluded
[2026-09-11 15:15:24] [DETAIL    ]     - screener_raw | Insights | Paywalled — excluded
[2026-09-11 15:15:24] [TICKER    ] 
>>> Processing FINCABLES
[2026-09-11 15:15:24] [SUCCESS   ] 
✓ FINCABLES - Loaded 301 metrics across 28 sections
[2026-09-11 15:15:24] [SUMMARY   ]   Rejections: 2
[2026-09-11 15:15:24] [DETAIL    ]     - screener_raw | Quarterly Results | Raw PDF — always empty, excluded
[2026-09-11 15:15:24] [DETAIL    ]     - screener_raw | Insights | Paywalled — excluded
[2026-09-11 15:15:24] [TICKER    ] 
>>> Processing FSL
[2026-09-11 15:15:24] [SUCCESS   ] 
✓ FSL - Loaded 302 metrics across 28 sections
[2026-09-11 15:15:24] [SUMMARY   ]   Rejections: 2
[2026-09-11 15:15:24] [DETAIL    ]     - screener_raw | Quarterly Results | Raw PDF — always empty, excluded
[2026-09-11 15:15:24] [DETAIL    ]     - screener_raw | Insights | Paywalled — excluded
[2026-09-11 15:15:24] [TICKER    ] 
>>> Processing GANESHCP
[2026-09-11 15:15:24] [SUCCESS   ] 
✓ GANESHCP - Loaded 292 metrics across 28 sections
[2026-09-11 15:15:24] [SUMMARY   ]   Rejections: 2
[2026-09-11 15:15:24] [DETAIL    ]     - screener_raw | Quarterly Results | Raw PDF — always empty, excluded
[2026-09-11 15:15:24] [DETAIL    ]     - screener_raw | Insights | Paywalled — excluded
[2026-09-11 15:15:24] [TICKER    ] 
>>> Processing GESHIP
[2026-09-11 15:15:24] [SUCCESS   ] 
✓ GESHIP - Loaded 302 metrics across 28 sections
[2026-09-11 15:15:24] [SUMMARY   ]   Rejections: 2
[2026-09-11 15:15:24] [DETAIL    ]     - screener_raw | Quarterly Results | Raw PDF — always empty, excluded
[2026-09-11 15:15:24] [DETAIL    ]     - screener_raw | Insights | Paywalled — excluded
[2026-09-11 15:15:24] [TICKER    ] 
>>> Processing GMRAIRPORT
[2026-09-11 15:15:24] [SUCCESS   ] 
✓ GMRAIRPORT - Loaded 298 metrics across 28 sections
[2026-09-11 15:15:24] [SUMMARY   ]   Rejections: 2
[2026-09-11 15:15:24] [DETAIL    ]     - screener_raw | Quarterly Results | Raw PDF — always empty, excluded
[2026-09-11 15:15:24] [DETAIL    ]     - screener_raw | Insights | Paywalled — excluded
[2026-09-11 15:15:24] [TICKER    ] 
>>> Processing GRAPHITE
[2026-09-11 15:15:24] [SUCCESS   ] 
✓ GRAPHITE - Loaded 305 metrics across 28 sections
[2026-09-11 15:15:24] [SUMMARY   ]   Rejections: 2
[2026-09-11 15:15:24] [DETAIL    ]     - screener_raw | Quarterly Results | Raw PDF — always empty, excluded
[2026-09-11 15:15:24] [DETAIL    ]     - screener_raw | Insights | Paywalled — excluded
[2026-09-11 15:15:24] [TICKER    ] 
>>> Processing GREAVESCOT
[2026-09-11 15:15:24] [SUCCESS   ] 
✓ GREAVESCOT - Loaded 294 metrics across 28 sections
[2026-09-11 15:15:24] [SUMMARY   ]   Rejections: 2
[2026-09-11 15:15:24] [DETAIL    ]     - screener_raw | Quarterly Results | Raw PDF — always empty, excluded
[2026-09-11 15:15:24] [DETAIL    ]     - screener_raw | Insights | Paywalled — excluded
[2026-09-11 15:15:24] [TICKER    ] 
>>> Processing GRSE
[2026-09-11 15:15:24] [SUCCESS   ] 
✓ GRSE - Loaded 298 metrics across 28 sections
[2026-09-11 15:15:24] [SUMMARY   ]   Rejections: 2
[2026-09-11 15:15:24] [DETAIL    ]     - screener_raw | Quarterly Results | Raw PDF — always empty, excluded
[2026-09-11 15:15:24] [DETAIL    ]     - screener_raw | Insights | Paywalled — excluded
[2026-09-11 15:15:24] [TICKER    ] 
>>> Processing HAL
[2026-09-11 15:15:24] [SUCCESS   ] 
✓ HAL - Loaded 303 metrics across 28 sections
[2026-09-11 15:15:24] [SUMMARY   ]   Rejections: 2
[2026-09-11 15:15:24] [DETAIL    ]     - screener_raw | Quarterly Results | Raw PDF — always empty, excluded
[2026-09-11 15:15:24] [DETAIL    ]     - screener_raw | Insights | Paywalled — excluded
[2026-09-11 15:15:24] [TICKER    ] 
>>> Processing HBLENGINE
[2026-09-11 15:15:24] [SUCCESS   ] 
✓ HBLENGINE - Loaded 292 metrics across 28 sections
[2026-09-11 15:15:24] [SUMMARY   ]   Rejections: 2
[2026-09-11 15:15:24] [DETAIL    ]     - screener_raw | Quarterly Results | Raw PDF — always empty, excluded
[2026-09-11 15:15:24] [DETAIL    ]     - screener_raw | Insights | Paywalled — excluded
[2026-09-11 15:15:24] [TICKER    ] 
>>> Processing HDFCBANK
[2026-09-11 15:15:24] [SUCCESS   ] 
✓ HDFCBANK - Loaded 297 metrics across 28 sections
[2026-09-11 15:15:24] [SUMMARY   ]   Rejections: 2
[2026-09-11 15:15:24] [DETAIL    ]     - screener_raw | Quarterly Results | Raw PDF — always empty, excluded
[2026-09-11 15:15:24] [DETAIL    ]     - screener_raw | Insights | Paywalled — excluded
[2026-09-11 15:15:24] [TICKER    ] 
>>> Processing HDFCLIFE
[2026-09-11 15:15:24] [WARN      ] HDFCLIFE | Yahoo fin values appear to be in USD (ratio=53x) — skipping gap-fill
[2026-09-11 15:15:24] [SUCCESS   ] 
✓ HDFCLIFE - Loaded 242 metrics across 26 sections
[2026-09-11 15:15:24] [SUMMARY   ]   Rejections: 2
[2026-09-11 15:15:24] [DETAIL    ]     - screener_raw | Quarterly Results | Raw PDF — always empty, excluded
[2026-09-11 15:15:24] [DETAIL    ]     - screener_raw | Insights | Paywalled — excluded
[2026-09-11 15:15:24] [TICKER    ] 
>>> Processing HEBL
[2026-09-11 15:15:24] [SUCCESS   ] 
✓ HEBL - Loaded 286 metrics across 28 sections
[2026-09-11 15:15:24] [SUMMARY   ]   Rejections: 2
[2026-09-11 15:15:24] [DETAIL    ]     - screener_raw | Quarterly Results | Raw PDF — always empty, excluded
[2026-09-11 15:15:24] [DETAIL    ]     - screener_raw | Insights | Paywalled — excluded
[2026-09-11 15:15:24] [TICKER    ] 
>>> Processing HFCL
[2026-09-11 15:15:24] [SUCCESS   ] 
✓ HFCL - Loaded 278 metrics across 26 sections
[2026-09-11 15:15:24] [SUMMARY   ]   Rejections: 2
[2026-09-11 15:15:24] [DETAIL    ]     - screener_raw | Quarterly Results | Raw PDF — always empty, excluded
[2026-09-11 15:15:24] [DETAIL    ]     - screener_raw | Insights | Paywalled — excluded
[2026-09-11 15:15:24] [TICKER    ] 
>>> Processing HINDCOPPER
[2026-09-11 15:15:24] [SUCCESS   ] 
✓ HINDCOPPER - Loaded 298 metrics across 28 sections
[2026-09-11 15:15:24] [SUMMARY   ]   Rejections: 2
[2026-09-11 15:15:24] [DETAIL    ]     - screener_raw | Quarterly Results | Raw PDF — always empty, excluded
[2026-09-11 15:15:24] [DETAIL    ]     - screener_raw | Insights | Paywalled — excluded
[2026-09-11 15:15:24] [TICKER    ] 
>>> Processing HINDZINC
[2026-09-11 15:15:24] [SUCCESS   ] 
✓ HINDZINC - Loaded 301 metrics across 28 sections
[2026-09-11 15:15:24] [SUMMARY   ]   Rejections: 2
[2026-09-11 15:15:24] [DETAIL    ]     - screener_raw | Quarterly Results | Raw PDF — always empty, excluded
[2026-09-11 15:15:24] [DETAIL    ]     - screener_raw | Insights | Paywalled — excluded
[2026-09-11 15:15:24] [TICKER    ] 
>>> Processing HIRECT
[2026-09-11 15:15:24] [SUCCESS   ] 
✓ HIRECT - Loaded 291 metrics across 28 sections
[2026-09-11 15:15:24] [SUMMARY   ]   Rejections: 2
[2026-09-11 15:15:24] [DETAIL    ]     - screener_raw | Quarterly Results | Raw PDF — always empty, excluded
[2026-09-11 15:15:24] [DETAIL    ]     - screener_raw | Insights | Paywalled — excluded
[2026-09-11 15:15:24] [TICKER    ] 
>>> Processing ICICIBANK
[2026-09-11 15:15:24] [SUCCESS   ] 
✓ ICICIBANK - Loaded 297 metrics across 28 sections
[2026-09-11 15:15:24] [SUMMARY   ]   Rejections: 2
[2026-09-11 15:15:24] [DETAIL    ]     - screener_raw | Quarterly Results | Raw PDF — always empty, excluded
[2026-09-11 15:15:24] [DETAIL    ]     - screener_raw | Insights | Paywalled — excluded
[2026-09-11 15:15:24] [TICKER    ] 
>>> Processing IDFCFIRSTB
[2026-09-11 15:15:24] [WARN      ] IDFCFIRSTB | Yahoo fin values appear to be in USD (ratio=25x) — skipping gap-fill
[2026-09-11 15:15:24] [SUCCESS   ] 
✓ IDFCFIRSTB - Loaded 223 metrics across 26 sections
[2026-09-11 15:15:24] [SUMMARY   ]   Rejections: 2
[2026-09-11 15:15:24] [DETAIL    ]     - screener_raw | Quarterly Results | Raw PDF — always empty, excluded
[2026-09-11 15:15:24] [DETAIL    ]     - screener_raw | Insights | Paywalled — excluded
[2026-09-11 15:15:24] [TICKER    ] 
>>> Processing IGIL
[2026-09-11 15:15:24] [SUCCESS   ] 
✓ IGIL - Loaded 297 metrics across 28 sections
[2026-09-11 15:15:24] [SUMMARY   ]   Rejections: 2
[2026-09-11 15:15:24] [DETAIL    ]     - screener_raw | Quarterly Results | Raw PDF — always empty, excluded
[2026-09-11 15:15:24] [DETAIL    ]     - screener_raw | Insights | Paywalled — excluded
[2026-09-11 15:15:24] [TICKER    ] 
>>> Processing INDIANB
[2026-09-11 15:15:24] [SUCCESS   ] 
✓ INDIANB - Loaded 290 metrics across 28 sections
[2026-09-11 15:15:24] [SUMMARY   ]   Rejections: 2
[2026-09-11 15:15:24] [DETAIL    ]     - screener_raw | Quarterly Results | Raw PDF — always empty, excluded
[2026-09-11 15:15:24] [DETAIL    ]     - screener_raw | Insights | Paywalled — excluded
[2026-09-11 15:15:24] [TICKER    ] 
>>> Processing INDOTECH
[2026-09-11 15:15:24] [SUCCESS   ] 
✓ INDOTECH - Loaded 285 metrics across 28 sections
[2026-09-11 15:15:24] [SUMMARY   ]   Rejections: 2
[2026-09-11 15:15:24] [DETAIL    ]     - screener_raw | Quarterly Results | Raw PDF — always empty, excluded
[2026-09-11 15:15:24] [DETAIL    ]     - screener_raw | Insights | Paywalled — excluded
[2026-09-11 15:15:24] [TICKER    ] 
>>> Processing INDUSTOWER
[2026-09-11 15:15:24] [SUCCESS   ] 
✓ INDUSTOWER - Loaded 312 metrics across 28 sections
[2026-09-11 15:15:24] [SUMMARY   ]   Rejections: 2
[2026-09-11 15:15:24] [DETAIL    ]     - screener_raw | Quarterly Results | Raw PDF — always empty, excluded
[2026-09-11 15:15:24] [DETAIL    ]     - screener_raw | Insights | Paywalled — excluded
[2026-09-11 15:15:24] [TICKER    ] 
>>> Processing INOXINDIA
[2026-09-11 15:15:24] [SUCCESS   ] 
✓ INOXINDIA - Loaded 297 metrics across 28 sections
[2026-09-11 15:15:24] [SUMMARY   ]   Rejections: 2
[2026-09-11 15:15:24] [DETAIL    ]     - screener_raw | Quarterly Results | Raw PDF — always empty, excluded
[2026-09-11 15:15:24] [DETAIL    ]     - screener_raw | Insights | Paywalled — excluded
[2026-09-11 15:15:24] [TICKER    ] 
>>> Processing INTELLECT
[2026-09-11 15:15:24] [SUCCESS   ] 
✓ INTELLECT - Loaded 300 metrics across 28 sections
[2026-09-11 15:15:24] [SUMMARY   ]   Rejections: 2
[2026-09-11 15:15:24] [DETAIL    ]     - screener_raw | Quarterly Results | Raw PDF — always empty, excluded
[2026-09-11 15:15:24] [DETAIL    ]     - screener_raw | Insights | Paywalled — excluded
[2026-09-11 15:15:24] [TICKER    ] 
>>> Processing INTERARCH
[2026-09-11 15:15:25] [SUCCESS   ] 
✓ INTERARCH - Loaded 300 metrics across 28 sections
[2026-09-11 15:15:25] [SUMMARY   ]   Rejections: 2
[2026-09-11 15:15:25] [DETAIL    ]     - screener_raw | Quarterly Results | Raw PDF — always empty, excluded
[2026-09-11 15:15:25] [DETAIL    ]     - screener_raw | Insights | Paywalled — excluded
[2026-09-11 15:15:25] [TICKER    ] 
>>> Processing IOC
[2026-09-11 15:15:25] [SUCCESS   ] 
✓ IOC - Loaded 299 metrics across 28 sections
[2026-09-11 15:15:25] [SUMMARY   ]   Rejections: 2
[2026-09-11 15:15:25] [DETAIL    ]     - screener_raw | Quarterly Results | Raw PDF — always empty, excluded
[2026-09-11 15:15:25] [DETAIL    ]     - screener_raw | Insights | Paywalled — excluded
[2026-09-11 15:15:25] [TICKER    ] 
>>> Processing IREDA
[2026-09-11 15:15:25] [SUCCESS   ] 
✓ IREDA - Loaded 286 metrics across 28 sections
[2026-09-11 15:15:25] [SUMMARY   ]   Rejections: 2
[2026-09-11 15:15:25] [DETAIL    ]     - screener_raw | Quarterly Results | Raw PDF — always empty, excluded
[2026-09-11 15:15:25] [DETAIL    ]     - screener_raw | Insights | Paywalled — excluded
[2026-09-11 15:15:25] [TICKER    ] 
>>> Processing ITC
[2026-09-11 15:15:25] [SUCCESS   ] 
✓ ITC - Loaded 303 metrics across 28 sections
[2026-09-11 15:15:25] [SUMMARY   ]   Rejections: 2
[2026-09-11 15:15:25] [DETAIL    ]     - screener_raw | Quarterly Results | Raw PDF — always empty, excluded
[2026-09-11 15:15:25] [DETAIL    ]     - screener_raw | Insights | Paywalled — excluded
[2026-09-11 15:15:25] [TICKER    ] 
>>> Processing JUNIORBEES
[2026-09-11 15:15:25] [SUCCESS   ] 
✓ JUNIORBEES - Loaded 122 metrics across 13 sections
[2026-09-11 15:15:25] [SUMMARY   ]   Rejections: 1
[2026-09-11 15:15:25] [DETAIL    ]     - screener_raw | Quarterly Results | Raw PDF — always empty, excluded
[2026-09-11 15:15:25] [TICKER    ] 
>>> Processing JYOTHYLAB
[2026-09-11 15:15:25] [SUCCESS   ] 
✓ JYOTHYLAB - Loaded 302 metrics across 28 sections
[2026-09-11 15:15:25] [SUMMARY   ]   Rejections: 2
[2026-09-11 15:15:25] [DETAIL    ]     - screener_raw | Quarterly Results | Raw PDF — always empty, excluded
[2026-09-11 15:15:25] [DETAIL    ]     - screener_raw | Insights | Paywalled — excluded
[2026-09-11 15:15:25] [TICKER    ] 
>>> Processing KAYNES
[2026-09-11 15:15:25] [SUCCESS   ] 
✓ KAYNES - Loaded 294 metrics across 28 sections
[2026-09-11 15:15:25] [SUMMARY   ]   Rejections: 2
[2026-09-11 15:15:25] [DETAIL    ]     - screener_raw | Quarterly Results | Raw PDF — always empty, excluded
[2026-09-11 15:15:25] [DETAIL    ]     - screener_raw | Insights | Paywalled — excluded
[2026-09-11 15:15:25] [TICKER    ] 
>>> Processing KEI
[2026-09-11 15:15:25] [SUCCESS   ] 
✓ KEI - Loaded 302 metrics across 28 sections
[2026-09-11 15:15:25] [SUMMARY   ]   Rejections: 2
[2026-09-11 15:15:25] [DETAIL    ]     - screener_raw | Quarterly Results | Raw PDF — always empty, excluded
[2026-09-11 15:15:25] [DETAIL    ]     - screener_raw | Insights | Paywalled — excluded
[2026-09-11 15:15:25] [TICKER    ] 
>>> Processing KPENERGY
[2026-09-11 15:15:25] [SUCCESS   ] 
✓ KPENERGY - Loaded 284 metrics across 28 sections
[2026-09-11 15:15:25] [SUMMARY   ]   Rejections: 2
[2026-09-11 15:15:25] [DETAIL    ]     - screener_raw | Quarterly Results | Raw PDF — always empty, excluded
[2026-09-11 15:15:25] [DETAIL    ]     - screener_raw | Insights | Paywalled — excluded
[2026-09-11 15:15:25] [TICKER    ] 
>>> Processing KPPL
[2026-09-11 15:15:25] [SUCCESS   ] 
✓ KPPL - Loaded 287 metrics across 28 sections
[2026-09-11 15:15:25] [SUMMARY   ]   Rejections: 2
[2026-09-11 15:15:25] [DETAIL    ]     - screener_raw | Quarterly Results | Raw PDF — always empty, excluded
[2026-09-11 15:15:25] [DETAIL    ]     - screener_raw | Insights | Paywalled — excluded
[2026-09-11 15:15:25] [TICKER    ] 
>>> Processing LMW
[2026-09-11 15:15:25] [SUCCESS   ] 
✓ LMW - Loaded 301 metrics across 28 sections
[2026-09-11 15:15:25] [SUMMARY   ]   Rejections: 2
[2026-09-11 15:15:25] [DETAIL    ]     - screener_raw | Quarterly Results | Raw PDF — always empty, excluded
[2026-09-11 15:15:25] [DETAIL    ]     - screener_raw | Insights | Paywalled — excluded
[2026-09-11 15:15:25] [TICKER    ] 
>>> Processing MAHABANK
[2026-09-11 15:15:25] [SUCCESS   ] 
✓ MAHABANK - Loaded 292 metrics across 28 sections
[2026-09-11 15:15:25] [SUMMARY   ]   Rejections: 2
[2026-09-11 15:15:25] [DETAIL    ]     - screener_raw | Quarterly Results | Raw PDF — always empty, excluded
[2026-09-11 15:15:25] [DETAIL    ]     - screener_raw | Insights | Paywalled — excluded
[2026-09-11 15:15:25] [TICKER    ] 
>>> Processing MAITHANALL
[2026-09-11 15:15:25] [SUCCESS   ] 
✓ MAITHANALL - Loaded 289 metrics across 28 sections
[2026-09-11 15:15:25] [SUMMARY   ]   Rejections: 2
[2026-09-11 15:15:25] [DETAIL    ]     - screener_raw | Quarterly Results | Raw PDF — always empty, excluded
[2026-09-11 15:15:25] [DETAIL    ]     - screener_raw | Insights | Paywalled — excluded
[2026-09-11 15:15:25] [TICKER    ] 
>>> Processing MAPMYINDIA
[2026-09-11 15:15:25] [SUCCESS   ] 
✓ MAPMYINDIA - Loaded 300 metrics across 28 sections
[2026-09-11 15:15:25] [SUMMARY   ]   Rejections: 2
[2026-09-11 15:15:25] [DETAIL    ]     - screener_raw | Quarterly Results | Raw PDF — always empty, excluded
[2026-09-11 15:15:25] [DETAIL    ]     - screener_raw | Insights | Paywalled — excluded
[2026-09-11 15:15:25] [TICKER    ] 
>>> Processing MARKSANS
[2026-09-11 15:15:25] [SUCCESS   ] 
✓ MARKSANS - Loaded 301 metrics across 28 sections
[2026-09-11 15:15:25] [SUMMARY   ]   Rejections: 2
[2026-09-11 15:15:25] [DETAIL    ]     - screener_raw | Quarterly Results | Raw PDF — always empty, excluded
[2026-09-11 15:15:25] [DETAIL    ]     - screener_raw | Insights | Paywalled — excluded
[2026-09-11 15:15:25] [TICKER    ] 
>>> Processing MBEL
[2026-09-11 15:15:25] [SUCCESS   ] 
✓ MBEL - Loaded 295 metrics across 28 sections
[2026-09-11 15:15:25] [SUMMARY   ]   Rejections: 2
[2026-09-11 15:15:25] [DETAIL    ]     - screener_raw | Quarterly Results | Raw PDF — always empty, excluded
[2026-09-11 15:15:25] [DETAIL    ]     - screener_raw | Insights | Paywalled — excluded
[2026-09-11 15:15:25] [TICKER    ] 
>>> Processing MCDOWELL-N
[2026-09-11 15:15:25] [SUCCESS   ] 
✓ MCDOWELL-N - Loaded 305 metrics across 28 sections
[2026-09-11 15:15:25] [SUMMARY   ]   Rejections: 2
[2026-09-11 15:15:25] [DETAIL    ]     - screener_raw | Quarterly Results | Raw PDF — always empty, excluded
[2026-09-11 15:15:25] [DETAIL    ]     - screener_raw | Insights | Paywalled — excluded
[2026-09-11 15:15:25] [TICKER    ] 
>>> Processing MEDANTA
[2026-09-11 15:15:25] [SUCCESS   ] 
✓ MEDANTA - Loaded 300 metrics across 28 sections
[2026-09-11 15:15:25] [SUMMARY   ]   Rejections: 2
[2026-09-11 15:15:25] [DETAIL    ]     - screener_raw | Quarterly Results | Raw PDF — always empty, excluded
[2026-09-11 15:15:25] [DETAIL    ]     - screener_raw | Insights | Paywalled — excluded
[2026-09-11 15:15:25] [TICKER    ] 
>>> Processing MIRZAINT
[2026-09-11 15:15:25] [SUCCESS   ] 
✓ MIRZAINT - Loaded 286 metrics across 28 sections
[2026-09-11 15:15:25] [SUMMARY   ]   Rejections: 2
[2026-09-11 15:15:25] [DETAIL    ]     - screener_raw | Quarterly Results | Raw PDF — always empty, excluded
[2026-09-11 15:15:25] [DETAIL    ]     - screener_raw | Insights | Paywalled — excluded
[2026-09-11 15:15:25] [TICKER    ] 
>>> Processing MMFL
[2026-09-11 15:15:25] [SUCCESS   ] 
✓ MMFL - Loaded 300 metrics across 28 sections
[2026-09-11 15:15:25] [SUMMARY   ]   Rejections: 2
[2026-09-11 15:15:25] [DETAIL    ]     - screener_raw | Quarterly Results | Raw PDF — always empty, excluded
[2026-09-11 15:15:25] [DETAIL    ]     - screener_raw | Insights | Paywalled — excluded
[2026-09-11 15:15:25] [TICKER    ] 
>>> Processing NAVA
[2026-09-11 15:15:25] [SUCCESS   ] 
✓ NAVA - Loaded 291 metrics across 28 sections
[2026-09-11 15:15:25] [SUMMARY   ]   Rejections: 2
[2026-09-11 15:15:25] [DETAIL    ]     - screener_raw | Quarterly Results | Raw PDF — always empty, excluded
[2026-09-11 15:15:25] [DETAIL    ]     - screener_raw | Insights | Paywalled — excluded
[2026-09-11 15:15:25] [TICKER    ] 
>>> Processing NCC
[2026-09-11 15:15:25] [SUCCESS   ] 
✓ NCC - Loaded 300 metrics across 28 sections
[2026-09-11 15:15:25] [SUMMARY   ]   Rejections: 2
[2026-09-11 15:15:25] [DETAIL    ]     - screener_raw | Quarterly Results | Raw PDF — always empty, excluded
[2026-09-11 15:15:25] [DETAIL    ]     - screener_raw | Insights | Paywalled — excluded
[2026-09-11 15:15:25] [TICKER    ] 
>>> Processing NETWEB
[2026-09-11 15:15:25] [SUCCESS   ] 
✓ NETWEB - Loaded 299 metrics across 28 sections
[2026-09-11 15:15:25] [SUMMARY   ]   Rejections: 2
[2026-09-11 15:15:25] [DETAIL    ]     - screener_raw | Quarterly Results | Raw PDF — always empty, excluded
[2026-09-11 15:15:25] [DETAIL    ]     - screener_raw | Insights | Paywalled — excluded
[2026-09-11 15:15:25] [TICKER    ] 
>>> Processing NIFTYBEES
[2026-09-11 15:15:25] [SUCCESS   ] 
✓ NIFTYBEES - Loaded 122 metrics across 13 sections
[2026-09-11 15:15:25] [SUMMARY   ]   Rejections: 1
[2026-09-11 15:15:25] [DETAIL    ]     - screener_raw | Quarterly Results | Raw PDF — always empty, excluded
[2026-09-11 15:15:25] [TICKER    ] 
>>> Processing OIL
[2026-09-11 15:15:25] [SUCCESS   ] 
✓ OIL - Loaded 302 metrics across 28 sections
[2026-09-11 15:15:25] [SUMMARY   ]   Rejections: 2
[2026-09-11 15:15:25] [DETAIL    ]     - screener_raw | Quarterly Results | Raw PDF — always empty, excluded
[2026-09-11 15:15:25] [DETAIL    ]     - screener_raw | Insights | Paywalled — excluded
[2026-09-11 15:15:25] [TICKER    ] 
>>> Processing PACEDIGITK
[2026-09-11 15:15:25] [SUCCESS   ] 
✓ PACEDIGITK - Loaded 292 metrics across 28 sections
[2026-09-11 15:15:25] [SUMMARY   ]   Rejections: 2
[2026-09-11 15:15:25] [DETAIL    ]     - screener_raw | Quarterly Results | Raw PDF — always empty, excluded
[2026-09-11 15:15:25] [DETAIL    ]     - screener_raw | Insights | Paywalled — excluded
[2026-09-11 15:15:25] [TICKER    ] 
>>> Processing PAISALO
[2026-09-11 15:15:25] [SUCCESS   ] 
✓ PAISALO - Loaded 289 metrics across 28 sections
[2026-09-11 15:15:25] [SUMMARY   ]   Rejections: 2
[2026-09-11 15:15:25] [DETAIL    ]     - screener_raw | Quarterly Results | Raw PDF — always empty, excluded
[2026-09-11 15:15:25] [DETAIL    ]     - screener_raw | Insights | Paywalled — excluded
[2026-09-11 15:15:25] [TICKER    ] 
>>> Processing PFC
[2026-09-11 15:15:25] [SUCCESS   ] 
✓ PFC - Loaded 293 metrics across 28 sections
[2026-09-11 15:15:25] [SUMMARY   ]   Rejections: 2
[2026-09-11 15:15:25] [DETAIL    ]     - screener_raw | Quarterly Results | Raw PDF — always empty, excluded
[2026-09-11 15:15:25] [DETAIL    ]     - screener_raw | Insights | Paywalled — excluded
[2026-09-11 15:15:25] [TICKER    ] 
>>> Processing PNB
[2026-09-11 15:15:25] [SUCCESS   ] 
✓ PNB - Loaded 295 metrics across 28 sections
[2026-09-11 15:15:25] [SUMMARY   ]   Rejections: 2
[2026-09-11 15:15:25] [DETAIL    ]     - screener_raw | Quarterly Results | Raw PDF — always empty, excluded
[2026-09-11 15:15:25] [DETAIL    ]     - screener_raw | Insights | Paywalled — excluded
[2026-09-11 15:15:25] [TICKER    ] 
>>> Processing POWERGRID
[2026-09-11 15:15:25] [SUCCESS   ] 
✓ POWERGRID - Loaded 301 metrics across 28 sections
[2026-09-11 15:15:25] [SUMMARY   ]   Rejections: 2
[2026-09-11 15:15:25] [DETAIL    ]     - screener_raw | Quarterly Results | Raw PDF — always empty, excluded
[2026-09-11 15:15:25] [DETAIL    ]     - screener_raw | Insights | Paywalled — excluded
[2026-09-11 15:15:25] [TICKER    ] 
>>> Processing PVRINOX
[2026-09-11 15:15:25] [SUCCESS   ] 
✓ PVRINOX - Loaded 299 metrics across 28 sections
[2026-09-11 15:15:25] [SUMMARY   ]   Rejections: 2
[2026-09-11 15:15:25] [DETAIL    ]     - screener_raw | Quarterly Results | Raw PDF — always empty, excluded
[2026-09-11 15:15:25] [DETAIL    ]     - screener_raw | Insights | Paywalled — excluded
[2026-09-11 15:15:25] [TICKER    ] 
>>> Processing QUALITY
[2026-09-11 15:15:25] [SUCCESS   ] 
✓ QUALITY - Loaded 294 metrics across 28 sections
[2026-09-11 15:15:25] [SUMMARY   ]   Rejections: 2
[2026-09-11 15:15:25] [DETAIL    ]     - screener_raw | Quarterly Results | Raw PDF — always empty, excluded
[2026-09-11 15:15:25] [DETAIL    ]     - screener_raw | Insights | Paywalled — excluded
[2026-09-11 15:15:25] [TICKER    ] 
>>> Processing RATEGAIN
[2026-09-11 15:15:25] [SUCCESS   ] 
✓ RATEGAIN - Loaded 295 metrics across 28 sections
[2026-09-11 15:15:25] [SUMMARY   ]   Rejections: 2
[2026-09-11 15:15:25] [DETAIL    ]     - screener_raw | Quarterly Results | Raw PDF — always empty, excluded
[2026-09-11 15:15:25] [DETAIL    ]     - screener_raw | Insights | Paywalled — excluded
[2026-09-11 15:15:25] [TICKER    ] 
>>> Processing RECLTD
[2026-09-11 15:15:25] [SUCCESS   ] 
✓ RECLTD - Loaded 292 metrics across 28 sections
[2026-09-11 15:15:25] [SUMMARY   ]   Rejections: 2
[2026-09-11 15:15:25] [DETAIL    ]     - screener_raw | Quarterly Results | Raw PDF — always empty, excluded
[2026-09-11 15:15:25] [DETAIL    ]     - screener_raw | Insights | Paywalled — excluded
[2026-09-11 15:15:25] [TICKER    ] 
>>> Processing REDTAPE
[2026-09-11 15:15:25] [SUCCESS   ] 
✓ REDTAPE - Loaded 288 metrics across 28 sections
[2026-09-11 15:15:25] [SUMMARY   ]   Rejections: 2
[2026-09-11 15:15:25] [DETAIL    ]     - screener_raw | Quarterly Results | Raw PDF — always empty, excluded
[2026-09-11 15:15:25] [DETAIL    ]     - screener_raw | Insights | Paywalled — excluded
[2026-09-11 15:15:25] [TICKER    ] 
>>> Processing REPCOHOME
[2026-09-11 15:15:25] [SUCCESS   ] 
✓ REPCOHOME - Loaded 288 metrics across 28 sections
[2026-09-11 15:15:25] [SUMMARY   ]   Rejections: 2
[2026-09-11 15:15:25] [DETAIL    ]     - screener_raw | Quarterly Results | Raw PDF — always empty, excluded
[2026-09-11 15:15:25] [DETAIL    ]     - screener_raw | Insights | Paywalled — excluded
[2026-09-11 15:15:25] [TICKER    ] 
>>> Processing REVATHI
[2026-09-11 15:15:25] [SUCCESS   ] 
✓ REVATHI - Loaded 280 metrics across 28 sections
[2026-09-11 15:15:25] [SUMMARY   ]   Rejections: 2
[2026-09-11 15:15:25] [DETAIL    ]     - screener_raw | Quarterly Results | Raw PDF — always empty, excluded
[2026-09-11 15:15:25] [DETAIL    ]     - screener_raw | Insights | Paywalled — excluded
[2026-09-11 15:15:25] [TICKER    ] 
>>> Processing ROSSTECH
[2026-09-11 15:15:25] [SUCCESS   ] 
✓ ROSSTECH - Loaded 285 metrics across 28 sections
[2026-09-11 15:15:25] [SUMMARY   ]   Rejections: 2
[2026-09-11 15:15:25] [DETAIL    ]     - screener_raw | Quarterly Results | Raw PDF — always empty, excluded
[2026-09-11 15:15:25] [DETAIL    ]     - screener_raw | Insights | Paywalled — excluded
[2026-09-11 15:15:25] [TICKER    ] 
>>> Processing S&SPOWER
[2026-09-11 15:15:25] [SUCCESS   ] 
✓ S&SPOWER - Loaded 279 metrics across 28 sections
[2026-09-11 15:15:25] [SUMMARY   ]   Rejections: 2
[2026-09-11 15:15:25] [DETAIL    ]     - screener_raw | Quarterly Results | Raw PDF — always empty, excluded
[2026-09-11 15:15:25] [DETAIL    ]     - screener_raw | Insights | Paywalled — excluded
[2026-09-11 15:15:25] [TICKER    ] 
>>> Processing SAGILITY
[2026-09-11 15:15:25] [SUCCESS   ] 
✓ SAGILITY - Loaded 301 metrics across 28 sections
[2026-09-11 15:15:25] [SUMMARY   ]   Rejections: 2
[2026-09-11 15:15:25] [DETAIL    ]     - screener_raw | Quarterly Results | Raw PDF — always empty, excluded
[2026-09-11 15:15:25] [DETAIL    ]     - screener_raw | Insights | Paywalled — excluded
[2026-09-11 15:15:25] [TICKER    ] 
>>> Processing SANDUMA
[2026-09-11 15:15:25] [SUCCESS   ] 
✓ SANDUMA - Loaded 288 metrics across 28 sections
[2026-09-11 15:15:25] [SUMMARY   ]   Rejections: 2
[2026-09-11 15:15:25] [DETAIL    ]     - screener_raw | Quarterly Results | Raw PDF — always empty, excluded
[2026-09-11 15:15:25] [DETAIL    ]     - screener_raw | Insights | Paywalled — excluded
[2026-09-11 15:15:25] [TICKER    ] 
>>> Processing SBIN
[2026-09-11 15:15:25] [SUCCESS   ] 
✓ SBIN - Loaded 297 metrics across 28 sections
[2026-09-11 15:15:25] [SUMMARY   ]   Rejections: 2
[2026-09-11 15:15:25] [DETAIL    ]     - screener_raw | Quarterly Results | Raw PDF — always empty, excluded
[2026-09-11 15:15:25] [DETAIL    ]     - screener_raw | Insights | Paywalled — excluded
[2026-09-11 15:15:25] [TICKER    ] 
>>> Processing SESHAPAPER
[2026-09-11 15:15:25] [SUCCESS   ] 
✓ SESHAPAPER - Loaded 291 metrics across 28 sections
[2026-09-11 15:15:25] [SUMMARY   ]   Rejections: 2
[2026-09-11 15:15:25] [DETAIL    ]     - screener_raw | Quarterly Results | Raw PDF — always empty, excluded
[2026-09-11 15:15:25] [DETAIL    ]     - screener_raw | Insights | Paywalled — excluded
[2026-09-11 15:15:25] [TICKER    ] 
>>> Processing SHILCHAR
[2026-09-11 15:15:25] [SUCCESS   ] 
✓ SHILCHAR - Loaded 287 metrics across 28 sections
[2026-09-11 15:15:25] [SUMMARY   ]   Rejections: 2
[2026-09-11 15:15:25] [DETAIL    ]     - screener_raw | Quarterly Results | Raw PDF — always empty, excluded
[2026-09-11 15:15:25] [DETAIL    ]     - screener_raw | Insights | Paywalled — excluded
[2026-09-11 15:15:25] [TICKER    ] 
>>> Processing SHREEREF
[2026-09-11 15:15:25] [SUCCESS   ] 
✓ SHREEREF - Loaded 275 metrics across 27 sections
[2026-09-11 15:15:25] [SUMMARY   ]   Rejections: 2
[2026-09-11 15:15:25] [DETAIL    ]     - screener_raw | Half Yearly Results | Raw PDF — always empty, excluded
[2026-09-11 15:15:25] [DETAIL    ]     - screener_raw | Insights | Paywalled — excluded
[2026-09-11 15:15:25] [TICKER    ] 
>>> Processing SIKA
[2026-09-11 15:15:25] [SUCCESS   ] 
✓ SIKA - Loaded 282 metrics across 28 sections
[2026-09-11 15:15:25] [SUMMARY   ]   Rejections: 2
[2026-09-11 15:15:25] [DETAIL    ]     - screener_raw | Quarterly Results | Raw PDF — always empty, excluded
[2026-09-11 15:15:25] [DETAIL    ]     - screener_raw | Insights | Paywalled — excluded
[2026-09-11 15:15:25] [TICKER    ] 
>>> Processing SKMEGGPROD
[2026-09-11 15:15:25] [SUCCESS   ] 
✓ SKMEGGPROD - Loaded 289 metrics across 28 sections
[2026-09-11 15:15:25] [SUMMARY   ]   Rejections: 2
[2026-09-11 15:15:25] [DETAIL    ]     - screener_raw | Quarterly Results | Raw PDF — always empty, excluded
[2026-09-11 15:15:25] [DETAIL    ]     - screener_raw | Insights | Paywalled — excluded
[2026-09-11 15:15:25] [TICKER    ] 
>>> Processing SUNFLAG
[2026-09-11 15:15:25] [SUCCESS   ] 
✓ SUNFLAG - Loaded 287 metrics across 28 sections
[2026-09-11 15:15:25] [SUMMARY   ]   Rejections: 2
[2026-09-11 15:15:25] [DETAIL    ]     - screener_raw | Quarterly Results | Raw PDF — always empty, excluded
[2026-09-11 15:15:25] [DETAIL    ]     - screener_raw | Insights | Paywalled — excluded
[2026-09-11 15:15:25] [TICKER    ] 
>>> Processing SUPRIYA
[2026-09-11 15:15:25] [SUCCESS   ] 
✓ SUPRIYA - Loaded 295 metrics across 28 sections
[2026-09-11 15:15:25] [SUMMARY   ]   Rejections: 2
[2026-09-11 15:15:25] [DETAIL    ]     - screener_raw | Quarterly Results | Raw PDF — always empty, excluded
[2026-09-11 15:15:25] [DETAIL    ]     - screener_raw | Insights | Paywalled — excluded
[2026-09-11 15:15:25] [TICKER    ] 
>>> Processing SUYOG
[2026-09-11 15:15:25] [SUCCESS   ] 
✓ SUYOG - Loaded 286 metrics across 28 sections
[2026-09-11 15:15:25] [SUMMARY   ]   Rejections: 2
[2026-09-11 15:15:25] [DETAIL    ]     - screener_raw | Quarterly Results | Raw PDF — always empty, excluded
[2026-09-11 15:15:25] [DETAIL    ]     - screener_raw | Insights | Paywalled — excluded
[2026-09-11 15:15:25] [TICKER    ] 
>>> Processing SUZLON
[2026-09-11 15:15:25] [SUCCESS   ] 
✓ SUZLON - Loaded 301 metrics across 28 sections
[2026-09-11 15:15:25] [SUMMARY   ]   Rejections: 2
[2026-09-11 15:15:25] [DETAIL    ]     - screener_raw | Quarterly Results | Raw PDF — always empty, excluded
[2026-09-11 15:15:25] [DETAIL    ]     - screener_raw | Insights | Paywalled — excluded
[2026-09-11 15:15:25] [TICKER    ] 
>>> Processing TATAPOWER
[2026-09-11 15:15:25] [SUCCESS   ] 
✓ TATAPOWER - Loaded 301 metrics across 28 sections
[2026-09-11 15:15:25] [SUMMARY   ]   Rejections: 2
[2026-09-11 15:15:25] [DETAIL    ]     - screener_raw | Quarterly Results | Raw PDF — always empty, excluded
[2026-09-11 15:15:25] [DETAIL    ]     - screener_raw | Insights | Paywalled — excluded
[2026-09-11 15:15:25] [TICKER    ] 
>>> Processing TDPOWERSYS
[2026-09-11 15:15:25] [SUCCESS   ] 
✓ TDPOWERSYS - Loaded 302 metrics across 28 sections
[2026-09-11 15:15:25] [SUMMARY   ]   Rejections: 2
[2026-09-11 15:15:25] [DETAIL    ]     - screener_raw | Quarterly Results | Raw PDF — always empty, excluded
[2026-09-11 15:15:25] [DETAIL    ]     - screener_raw | Insights | Paywalled — excluded
[2026-09-11 15:15:25] [TICKER    ] 
>>> Processing TITANBIO
[2026-09-11 15:15:25] [SUCCESS   ] 
✓ TITANBIO - Loaded 287 metrics across 28 sections
[2026-09-11 15:15:25] [SUMMARY   ]   Rejections: 2
[2026-09-11 15:15:25] [DETAIL    ]     - screener_raw | Quarterly Results | Raw PDF — always empty, excluded
[2026-09-11 15:15:25] [DETAIL    ]     - screener_raw | Insights | Paywalled — excluded
[2026-09-11 15:15:25] [TICKER    ] 
>>> Processing TRUALT
[2026-09-11 15:15:25] [SUCCESS   ] 
✓ TRUALT - Loaded 284 metrics across 28 sections
[2026-09-11 15:15:25] [SUMMARY   ]   Rejections: 2
[2026-09-11 15:15:25] [DETAIL    ]     - screener_raw | Quarterly Results | Raw PDF — always empty, excluded
[2026-09-11 15:15:25] [DETAIL    ]     - screener_raw | Insights | Paywalled — excluded
[2026-09-11 15:15:25] [TICKER    ] 
>>> Processing VAML
[2026-09-11 15:15:25] [SUCCESS   ] 
✓ VAML - Loaded 299 metrics across 28 sections
[2026-09-11 15:15:25] [SUMMARY   ]   Rejections: 2
[2026-09-11 15:15:25] [DETAIL    ]     - screener_raw | Quarterly Results | Raw PDF — always empty, excluded
[2026-09-11 15:15:25] [DETAIL    ]     - screener_raw | Insights | Paywalled — excluded
[2026-09-11 15:15:25] [TICKER    ] 
>>> Processing VEDL
[2026-09-11 15:15:25] [SUCCESS   ] 
✓ VEDL - Loaded 306 metrics across 28 sections
[2026-09-11 15:15:25] [SUMMARY   ]   Rejections: 2
[2026-09-11 15:15:25] [DETAIL    ]     - screener_raw | Quarterly Results | Raw PDF — always empty, excluded
[2026-09-11 15:15:25] [DETAIL    ]     - screener_raw | Insights | Paywalled — excluded
[2026-09-11 15:15:25] [TICKER    ] 
>>> Processing VEDPOWER
[2026-09-11 15:15:25] [SUCCESS   ] 
✓ VEDPOWER - Loaded 280 metrics across 28 sections
[2026-09-11 15:15:25] [SUMMARY   ]   Rejections: 1
[2026-09-11 15:15:25] [DETAIL    ]     - screener_raw | Quarterly Results | Raw PDF — always empty, excluded
[2026-09-11 15:15:25] [TICKER    ] 
>>> Processing VENTIVE
[2026-09-11 15:15:25] [SUCCESS   ] 
✓ VENTIVE - Loaded 291 metrics across 28 sections
[2026-09-11 15:15:25] [SUMMARY   ]   Rejections: 2
[2026-09-11 15:15:25] [DETAIL    ]     - screener_raw | Quarterly Results | Raw PDF — always empty, excluded
[2026-09-11 15:15:25] [DETAIL    ]     - screener_raw | Insights | Paywalled — excluded
[2026-09-11 15:15:25] [TICKER    ] 
>>> Processing VISL
[2026-09-11 15:15:25] [SUCCESS   ] 
✓ VISL - Loaded 277 metrics across 28 sections
[2026-09-11 15:15:25] [SUMMARY   ]   Rejections: 1
[2026-09-11 15:15:25] [DETAIL    ]     - screener_raw | Quarterly Results | Raw PDF — always empty, excluded
[2026-09-11 15:15:25] [TICKER    ] 
>>> Processing VOGL
[2026-09-11 15:15:25] [SUCCESS   ] 
✓ VOGL - Loaded 274 metrics across 28 sections
[2026-09-11 15:15:25] [SUMMARY   ]   Rejections: 1
[2026-09-11 15:15:25] [DETAIL    ]     - screener_raw | Quarterly Results | Raw PDF — always empty, excluded
[2026-09-11 15:15:25] [TICKER    ] 
>>> Processing VOLTAMP
[2026-09-11 15:15:25] [SUCCESS   ] 
✓ VOLTAMP - Loaded 300 metrics across 28 sections
[2026-09-11 15:15:25] [SUMMARY   ]   Rejections: 2
[2026-09-11 15:15:25] [DETAIL    ]     - screener_raw | Quarterly Results | Raw PDF — always empty, excluded
[2026-09-11 15:15:25] [DETAIL    ]     - screener_raw | Insights | Paywalled — excluded
[2026-09-11 15:15:25] [TICKER    ] 
>>> Processing WEWORK
[2026-09-11 15:15:25] [SUCCESS   ] 
✓ WEWORK - Loaded 290 metrics across 28 sections
[2026-09-11 15:15:25] [SUMMARY   ]   Rejections: 2
[2026-09-11 15:15:25] [DETAIL    ]     - screener_raw | Quarterly Results | Raw PDF — always empty, excluded
[2026-09-11 15:15:25] [DETAIL    ]     - screener_raw | Insights | Paywalled — excluded
[2026-09-11 15:15:25] [TICKER    ] 
>>> Processing ZENTEC
[2026-09-11 15:15:25] [SUCCESS   ] 
✓ ZENTEC - Loaded 300 metrics across 28 sections
[2026-09-11 15:15:25] [SUMMARY   ]   Rejections: 2
[2026-09-11 15:15:25] [DETAIL    ]     - screener_raw | Quarterly Results | Raw PDF — always empty, excluded
[2026-09-11 15:15:25] [DETAIL    ]     - screener_raw | Insights | Paywalled — excluded
[2026-09-11 15:15:25] [TICKER    ] 
>>> Processing ZINKA
[2026-09-11 15:15:25] [SUCCESS   ] 
✓ ZINKA - Loaded 294 metrics across 28 sections
[2026-09-11 15:15:25] [SUMMARY   ]   Rejections: 2
[2026-09-11 15:15:25] [DETAIL    ]     - screener_raw | Quarterly Results | Raw PDF — always empty, excluded
[2026-09-11 15:15:25] [DETAIL    ]     - screener_raw | Insights | Paywalled — excluded
[2026-09-11 15:15:25] [TICKER    ] 
>>> Processing ADITYA BIRLA SUN LIFE DIGITAL INDIA FUND GROWTH
[2026-09-11 15:15:25] [SUCCESS   ] 
✓ ADITYA BIRLA SUN LIFE DIGITAL INDIA FUND GROWTH - Loaded 10 metrics across 3 sections
[2026-09-11 15:15:25] [TICKER    ] 
>>> Processing ADITYA BIRLA SUN LIFE FOCUSED FUND GROWTH
[2026-09-11 15:15:25] [SUCCESS   ] 
✓ ADITYA BIRLA SUN LIFE FOCUSED FUND GROWTH - Loaded 10 metrics across 3 sections
[2026-09-11 15:15:25] [TICKER    ] 
>>> Processing AXIS SMALL CAP FUND GROWTH
[2026-09-11 15:15:25] [SUCCESS   ] 
✓ AXIS SMALL CAP FUND GROWTH - Loaded 10 metrics across 3 sections
[2026-09-11 15:15:25] [TICKER    ] 
>>> Processing BANDHAN ELSS TAX SAVER FUND GROWTH
[2026-09-11 15:15:25] [SUCCESS   ] 
✓ BANDHAN ELSS TAX SAVER FUND GROWTH - Loaded 10 metrics across 3 sections
[2026-09-11 15:15:25] [TICKER    ] 
>>> Processing BARODA BNP PARIBAS AGGRESSIVE HYBRID FUND GROWTH
[2026-09-11 15:15:25] [SUCCESS   ] 
✓ BARODA BNP PARIBAS AGGRESSIVE HYBRID FUND GROWTH - Loaded 10 metrics across 3 sections
[2026-09-11 15:15:25] [TICKER    ] 
>>> Processing FRANKLIN INDIA FOCUSED EQUITY FUND GROWTH
[2026-09-11 15:15:25] [SUCCESS   ] 
✓ FRANKLIN INDIA FOCUSED EQUITY FUND GROWTH - Loaded 10 metrics across 3 sections
[2026-09-11 15:15:25] [TICKER    ] 
>>> Processing ICICI PRUDENTIAL TECHNOLOGY FUND GROWTH
[2026-09-11 15:15:25] [SUCCESS   ] 
✓ ICICI PRUDENTIAL TECHNOLOGY FUND GROWTH - Loaded 10 metrics across 3 sections
[2026-09-11 15:15:25] [TICKER    ] 
>>> Processing ICICI PRUDENTIAL VALUE FUND GROWTH
[2026-09-11 15:15:25] [SUCCESS   ] 
✓ ICICI PRUDENTIAL VALUE FUND GROWTH - Loaded 10 metrics across 3 sections
[2026-09-11 15:15:25] [TICKER    ] 
>>> Processing KOTAK FLEXICAP FUND GROWTH
[2026-09-11 15:15:25] [SUCCESS   ] 
✓ KOTAK FLEXICAP FUND GROWTH - Loaded 10 metrics across 3 sections
[2026-09-11 15:15:25] [TICKER    ] 
>>> Processing KOTAK SMALLCAP FUND REGULAR GROWTH
[2026-09-11 15:15:25] [SUCCESS   ] 
✓ KOTAK SMALLCAP FUND REGULAR GROWTH - Loaded 10 metrics across 3 sections
[2026-09-11 15:15:25] [TICKER    ] 
>>> Processing MIRAEAMC - SMALLCAP
[2026-09-11 15:15:25] [SUCCESS   ] 
✓ MIRAEAMC - SMALLCAP - Loaded 31 metrics across 5 sections
[2026-09-11 15:15:25] [TICKER    ] 
>>> Processing NIPPON INDIA FOCUSED FUND GROWTH PLAN
[2026-09-11 15:15:25] [SUCCESS   ] 
✓ NIPPON INDIA FOCUSED FUND GROWTH PLAN - Loaded 10 metrics across 3 sections
[2026-09-11 15:15:25] [TICKER    ] 
>>> Processing QSIF EQUITY LONG-SHORT FUND-REGULAR PLAN-GROWTH
[2026-09-11 15:15:25] [SUCCESS   ] 
✓ QSIF EQUITY LONG-SHORT FUND-REGULAR PLAN-GROWTH - Loaded 10 metrics across 3 sections
[2026-09-11 15:15:25] [TICKER    ] 
>>> Processing SBI Focused FUND Regular GROWTH
[2026-09-11 15:15:25] [SUCCESS   ] 
✓ SBI Focused FUND Regular GROWTH - Loaded 10 metrics across 3 sections
[2026-09-11 15:15:25] [TICKER    ] 
>>> Processing SBI SMALL CAP FUND REGULAR GROWTH
[2026-09-11 15:15:25] [SUCCESS   ] 
✓ SBI SMALL CAP FUND REGULAR GROWTH - Loaded 10 metrics across 3 sections
[2026-09-11 15:15:25] [TICKER    ] 
>>> Processing SBI TECHNOLOGY OPPORTUNITIES FUND GROWTH
[2026-09-11 15:15:25] [SUCCESS   ] 
✓ SBI TECHNOLOGY OPPORTUNITIES FUND GROWTH - Loaded 10 metrics across 3 sections
[2026-09-11 15:15:25] [TICKER    ] 
>>> Processing SGBFEB32IV
[2026-09-11 15:15:25] [SUCCESS   ] 
✓ SGBFEB32IV - Loaded 31 metrics across 5 sections

========================================================================================================================
SAVING OUTPUT
========================================================================================================================
[2026-09-11 15:15:26] [SAVE      ] Output saved: /home/runner/work/bharatmarkets/bharatmarkets/data/market_data_raw.json
[2026-09-11 15:15:26] [SAVE      ] File size: 18284229 bytes (17855.69 KB)

========================================================================================================================
FINAL SUMMARY
========================================================================================================================
[2026-09-11 15:15:26] [COMPLETE  ] Processed 138 tickers successfully
[2026-09-11 15:15:26] [COMPLETE  ] Output file size: 18284229 bytes
[2026-09-11 15:15:26] [COMPLETE  ] Completed: 2026-09-11 15:15:26
