2026-10-02 16:52:50,625 - INFO - Reading /home/runner/work/bharatmarkets/bharatmarkets/data/market_data_raw.json …
2026-10-02 16:52:50,742 - INFO -   ✓ Loaded unified-symbols.json (138 tickers with sector)
2026-10-02 16:52:50,742 - INFO -   ✓ Loaded portfolio holdings (138 tickers)
2026-10-02 16:52:50,753 - INFO -   ✓ Loaded guidance.json (123 tickers)
2026-10-02 16:52:50,768 - INFO -   ✓ Loaded nav.json (16 tickers matched)
2026-10-02 16:52:50,771 - INFO -   [  1/138] AADHARHFC  ⚠  3 unmapped field(s)
2026-10-02 16:52:50,775 - INFO -   [  2/138] ABCAPITAL  ⚠  3 unmapped field(s)
2026-10-02 16:52:50,778 - INFO -   [  3/138] ABFRL  ⚠  3 unmapped field(s)
2026-10-02 16:52:50,780 - INFO -   [  4/138] ACMESOLAR  ⚠  3 unmapped field(s)
2026-10-02 16:52:50,783 - INFO -   [  5/138] AEROENTER  ⚠  3 unmapped field(s)
2026-10-02 16:52:50,786 - INFO -   [  6/138] AFCONS  ⚠  3 unmapped field(s)
2026-10-02 16:52:50,789 - INFO -   [  7/138] APOLLOHOSP  ⚠  3 unmapped field(s)
2026-10-02 16:52:50,792 - INFO -   [  8/138] ARE&M  ⚠  3 unmapped field(s)
2026-10-02 16:52:50,796 - INFO -   [  9/138] ARROWGREEN  ⚠  3 unmapped field(s)
2026-10-02 16:52:50,798 - INFO -   [ 10/138] ASALCBR  ⚠  3 unmapped field(s)
2026-10-02 16:52:50,801 - INFO -   [ 11/138] AVANTEL  ⚠  3 unmapped field(s)
2026-10-02 16:52:50,804 - INFO -   [ 12/138] AVANTIFEED  ⚠  3 unmapped field(s)
2026-10-02 16:52:50,807 - INFO -   [ 13/138] AWHCL  ⚠  3 unmapped field(s)
2026-10-02 16:52:50,810 - INFO -   [ 14/138] AZAD  ⚠  3 unmapped field(s)
2026-10-02 16:52:50,813 - INFO -   [ 15/138] AZADIND  ⚠  3 unmapped field(s)
2026-10-02 16:52:50,816 - INFO -   [ 16/138] BDL  ⚠  3 unmapped field(s)
2026-10-02 16:52:50,819 - INFO -   [ 17/138] BIOCON  ⚠  3 unmapped field(s)
2026-10-02 16:52:50,822 - INFO -   [ 18/138] BLACKBOX  ⚠  3 unmapped field(s)
2026-10-02 16:52:50,824 - INFO -   [ 19/138] CAPITALNUM  ⚠  3 unmapped field(s)
2026-10-02 16:52:50,827 - INFO -   [ 20/138] CDSL  ⚠  3 unmapped field(s)
2026-10-02 16:52:50,830 - INFO -   [ 21/138] CELLO  ⚠  3 unmapped field(s)
2026-10-02 16:52:50,833 - INFO -   [ 22/138] CHAMBLFERT  ⚠  3 unmapped field(s)
2026-10-02 16:52:50,836 - INFO -   [ 23/138] COCHINSHIP  ⚠  3 unmapped field(s)
2026-10-02 16:52:50,839 - INFO -   [ 24/138] COFORGE  ⚠  3 unmapped field(s)
2026-10-02 16:52:50,842 - INFO -   [ 25/138] DATAMATICS  ⚠  3 unmapped field(s)
2026-10-02 16:52:50,845 - INFO -   [ 26/138] DATAPATTNS  ⚠  3 unmapped field(s)
2026-10-02 16:52:50,847 - INFO -   [ 27/138] DHARMAJ  ⚠  3 unmapped field(s)
2026-10-02 16:52:50,850 - INFO -   [ 28/138] DRREDDY  ⚠  3 unmapped field(s)
2026-10-02 16:52:50,853 - INFO -   [ 29/138] ENGINERSIN  ⚠  3 unmapped field(s)
2026-10-02 16:52:50,856 - INFO -   [ 30/138] EQUITASBNK  ⚠  3 unmapped field(s)
2026-10-02 16:52:50,859 - INFO -   [ 31/138] FEDERALBNK  ⚠  3 unmapped field(s)
2026-10-02 16:52:50,862 - INFO -   [ 32/138] FINCABLES  ⚠  3 unmapped field(s)
2026-10-02 16:52:50,865 - INFO -   [ 33/138] FSL  ⚠  3 unmapped field(s)
2026-10-02 16:52:50,867 - INFO -   [ 34/138] GANESHCP  ⚠  3 unmapped field(s)
2026-10-02 16:52:50,870 - INFO -   [ 35/138] GESHIP  ⚠  3 unmapped field(s)
2026-10-02 16:52:50,873 - INFO -   [ 36/138] GMRAIRPORT  ⚠  3 unmapped field(s)
2026-10-02 16:52:50,876 - INFO -   [ 37/138] GRAPHITE  ⚠  3 unmapped field(s)
2026-10-02 16:52:50,879 - INFO -   [ 38/138] GREAVESCOT  ⚠  3 unmapped field(s)
2026-10-02 16:52:50,882 - INFO -   [ 39/138] GRSE  ⚠  3 unmapped field(s)
2026-10-02 16:52:50,885 - INFO -   [ 40/138] HAL  ⚠  3 unmapped field(s)
2026-10-02 16:52:50,888 - INFO -   [ 41/138] HBLENGINE  ⚠  3 unmapped field(s)
2026-10-02 16:52:50,891 - INFO -   [ 42/138] HDFCBANK  ⚠  3 unmapped field(s)
2026-10-02 16:52:50,894 - INFO -   [ 43/138] HDFCLIFE  ⚠  3 unmapped field(s)
2026-10-02 16:52:50,897 - INFO -   [ 44/138] HEBL  ⚠  3 unmapped field(s)
2026-10-02 16:52:50,900 - INFO -   [ 45/138] HFCL  ⚠  3 unmapped field(s)
2026-10-02 16:52:50,903 - INFO -   [ 46/138] HINDCOPPER  ⚠  3 unmapped field(s)
2026-10-02 16:52:50,905 - INFO -   [ 47/138] HINDZINC  ⚠  3 unmapped field(s)
2026-10-02 16:52:50,908 - INFO -   [ 48/138] HIRECT  ⚠  3 unmapped field(s)
2026-10-02 16:52:50,911 - INFO -   [ 49/138] ICICIBANK  ⚠  3 unmapped field(s)
2026-10-02 16:52:50,914 - INFO -   [ 50/138] IDFCFIRSTB  ⚠  3 unmapped field(s)
2026-10-02 16:52:50,916 - INFO -   [ 51/138] IGIL  ⚠  3 unmapped field(s)
2026-10-02 16:52:50,919 - INFO -   [ 52/138] INDIANB  ⚠  3 unmapped field(s)
2026-10-02 16:52:50,922 - INFO -   [ 53/138] INDOTECH  ⚠  3 unmapped field(s)
2026-10-02 16:52:50,925 - INFO -   [ 54/138] INDUSTOWER  ⚠  3 unmapped field(s)
2026-10-02 16:52:50,938 - INFO -   [ 55/138] INOXINDIA  ⚠  3 unmapped field(s)
2026-10-02 16:52:50,942 - INFO -   [ 56/138] INTELLECT  ⚠  3 unmapped field(s)
2026-10-02 16:52:50,944 - INFO -   [ 57/138] INTERARCH  ⚠  3 unmapped field(s)
2026-10-02 16:52:50,947 - INFO -   [ 58/138] IOC  ⚠  3 unmapped field(s)
2026-10-02 16:52:50,950 - INFO -   [ 59/138] IREDA  ⚠  3 unmapped field(s)
2026-10-02 16:52:50,953 - INFO -   [ 60/138] ITC  ⚠  3 unmapped field(s)
2026-10-02 16:52:50,954 - INFO -   [ 61/138] JUNIORBEES  ⚠  3 unmapped field(s)
2026-10-02 16:52:50,957 - INFO -   [ 62/138] JYOTHYLAB  ⚠  3 unmapped field(s)
2026-10-02 16:52:50,959 - INFO -   [ 63/138] KAYNES  ⚠  3 unmapped field(s)
2026-10-02 16:52:50,962 - INFO -   [ 64/138] KEI  ⚠  3 unmapped field(s)
2026-10-02 16:52:50,965 - INFO -   [ 65/138] KPENERGY  ⚠  3 unmapped field(s)
2026-10-02 16:52:50,968 - INFO -   [ 66/138] KPPL  ⚠  3 unmapped field(s)
2026-10-02 16:52:50,971 - INFO -   [ 67/138] LMW  ⚠  3 unmapped field(s)
2026-10-02 16:52:50,974 - INFO -   [ 68/138] MAHABANK  ⚠  3 unmapped field(s)
2026-10-02 16:52:50,977 - INFO -   [ 69/138] MAITHANALL  ⚠  3 unmapped field(s)
2026-10-02 16:52:50,980 - INFO -   [ 70/138] MAPMYINDIA  ⚠  3 unmapped field(s)
2026-10-02 16:52:50,983 - INFO -   [ 71/138] MARKSANS  ⚠  3 unmapped field(s)
2026-10-02 16:52:50,985 - INFO -   [ 72/138] MBEL  ⚠  3 unmapped field(s)
2026-10-02 16:52:50,988 - INFO -   [ 73/138] MCDOWELL-N  ⚠  3 unmapped field(s)
2026-10-02 16:52:50,991 - INFO -   [ 74/138] MEDANTA  ⚠  3 unmapped field(s)
2026-10-02 16:52:50,994 - INFO -   [ 75/138] MIRZAINT  ⚠  3 unmapped field(s)
2026-10-02 16:52:50,997 - INFO -   [ 76/138] MMFL  ⚠  3 unmapped field(s)
2026-10-02 16:52:51,000 - INFO -   [ 77/138] NAVA  ⚠  3 unmapped field(s)
2026-10-02 16:52:51,003 - INFO -   [ 78/138] NCC  ⚠  3 unmapped field(s)
2026-10-02 16:52:51,005 - INFO -   [ 79/138] NETWEB  ⚠  3 unmapped field(s)
2026-10-02 16:52:51,006 - INFO -   [ 80/138] NIFTYBEES  ⚠  3 unmapped field(s)
2026-10-02 16:52:51,010 - INFO -   [ 81/138] OIL  ⚠  3 unmapped field(s)
2026-10-02 16:52:51,011 - INFO -   [ 82/138] PACEDIGITK  ⚠  3 unmapped field(s)
2026-10-02 16:52:51,014 - INFO -   [ 83/138] PAISALO  ⚠  3 unmapped field(s)
2026-10-02 16:52:51,017 - INFO -   [ 84/138] PFC  ⚠  3 unmapped field(s)
2026-10-02 16:52:51,020 - INFO -   [ 85/138] PNB  ⚠  3 unmapped field(s)
2026-10-02 16:52:51,023 - INFO -   [ 86/138] POWERGRID  ⚠  3 unmapped field(s)
2026-10-02 16:52:51,026 - INFO -   [ 87/138] PVRINOX  ⚠  3 unmapped field(s)
2026-10-02 16:52:51,028 - INFO -   [ 88/138] QUALITY  ⚠  3 unmapped field(s)
2026-10-02 16:52:51,031 - INFO -   [ 89/138] RATEGAIN  ⚠  3 unmapped field(s)
2026-10-02 16:52:51,034 - INFO -   [ 90/138] RECLTD  ⚠  3 unmapped field(s)
2026-10-02 16:52:51,036 - INFO -   [ 91/138] REDTAPE  ⚠  3 unmapped field(s)
2026-10-02 16:52:51,039 - INFO -   [ 92/138] REPCOHOME  ⚠  3 unmapped field(s)
2026-10-02 16:52:51,041 - INFO -   [ 93/138] REVATHI  ⚠  3 unmapped field(s)
2026-10-02 16:52:51,043 - INFO -   [ 94/138] ROSSTECH  ⚠  3 unmapped field(s)
2026-10-02 16:52:51,046 - INFO -   [ 95/138] S&SPOWER  ⚠  3 unmapped field(s)
2026-10-02 16:52:51,048 - INFO -   [ 96/138] SAGILITY  ⚠  3 unmapped field(s)
2026-10-02 16:52:51,051 - INFO -   [ 97/138] SANDUMA  ⚠  3 unmapped field(s)
2026-10-02 16:52:51,054 - INFO -   [ 98/138] SBIN  ⚠  3 unmapped field(s)
2026-10-02 16:52:51,057 - INFO -   [ 99/138] SESHAPAPER  ⚠  3 unmapped field(s)
2026-10-02 16:52:51,060 - INFO -   [100/138] SHILCHAR  ⚠  3 unmapped field(s)
2026-10-02 16:52:51,061 - INFO -   [101/138] SHREEREF  ⚠  3 unmapped field(s)
2026-10-02 16:52:51,064 - INFO -   [102/138] SIKA  ⚠  3 unmapped field(s)
2026-10-02 16:52:51,067 - INFO -   [103/138] SKMEGGPROD  ⚠  3 unmapped field(s)
2026-10-02 16:52:51,070 - INFO -   [104/138] SUNFLAG  ⚠  3 unmapped field(s)
2026-10-02 16:52:51,073 - INFO -   [105/138] SUPRIYA  ⚠  3 unmapped field(s)
2026-10-02 16:52:51,075 - INFO -   [106/138] SUYOG  ⚠  3 unmapped field(s)
2026-10-02 16:52:51,078 - INFO -   [107/138] SUZLON  ⚠  3 unmapped field(s)
2026-10-02 16:52:51,081 - INFO -   [108/138] TATAPOWER  ⚠  3 unmapped field(s)
2026-10-02 16:52:51,084 - INFO -   [109/138] TDPOWERSYS  ⚠  3 unmapped field(s)
2026-10-02 16:52:51,087 - INFO -   [110/138] TITANBIO  ⚠  3 unmapped field(s)
2026-10-02 16:52:51,089 - INFO -   [111/138] TRUALT  ⚠  3 unmapped field(s)
2026-10-02 16:52:51,090 - INFO -   [112/138] VAML  ⚠  3 unmapped field(s)
2026-10-02 16:52:51,093 - INFO -   [113/138] VEDL  ⚠  3 unmapped field(s)
2026-10-02 16:52:51,094 - INFO -   [114/138] VEDPOWER  ⚠  3 unmapped field(s)
2026-10-02 16:52:51,097 - INFO -   [115/138] VENTIVE  ⚠  3 unmapped field(s)
2026-10-02 16:52:51,098 - INFO -   [116/138] VISL  ⚠  3 unmapped field(s)
2026-10-02 16:52:51,099 - INFO -   [117/138] VOGL  ⚠  3 unmapped field(s)
2026-10-02 16:52:51,102 - INFO -   [118/138] VOLTAMP  ⚠  3 unmapped field(s)
2026-10-02 16:52:51,104 - INFO -   [119/138] WEWORK  ⚠  3 unmapped field(s)
2026-10-02 16:52:51,107 - INFO -   [120/138] ZENTEC  ⚠  3 unmapped field(s)
2026-10-02 16:52:51,110 - INFO -   [121/138] ZINKA  ⚠  3 unmapped field(s)
2026-10-02 16:52:51,110 - INFO -   [122/138] ADITYA BIRLA SUN LIFE DIGITAL INDIA FUND GROWTH
2026-10-02 16:52:51,111 - INFO -   [123/138] ADITYA BIRLA SUN LIFE FOCUSED FUND GROWTH
2026-10-02 16:52:51,111 - INFO -   [124/138] AXIS SMALL CAP FUND GROWTH
2026-10-02 16:52:51,112 - INFO -   [125/138] BANDHAN ELSS TAX SAVER FUND GROWTH
2026-10-02 16:52:51,112 - INFO -   [126/138] BARODA BNP PARIBAS AGGRESSIVE HYBRID FUND GROWTH
2026-10-02 16:52:51,113 - INFO -   [127/138] FRANKLIN INDIA FOCUSED EQUITY FUND GROWTH
2026-10-02 16:52:51,113 - INFO -   [128/138] ICICI PRUDENTIAL TECHNOLOGY FUND GROWTH
2026-10-02 16:52:51,114 - INFO -   [129/138] ICICI PRUDENTIAL VALUE FUND GROWTH
2026-10-02 16:52:51,114 - INFO -   [130/138] KOTAK FLEXICAP FUND GROWTH
2026-10-02 16:52:51,115 - INFO -   [131/138] KOTAK SMALLCAP FUND REGULAR GROWTH
2026-10-02 16:52:51,115 - INFO -   [132/138] MIRAEAMC - SMALLCAP
2026-10-02 16:52:51,116 - INFO -   [133/138] NIPPON INDIA FOCUSED FUND GROWTH PLAN
2026-10-02 16:52:51,116 - INFO -   [134/138] QSIF EQUITY LONG-SHORT FUND-REGULAR PLAN-GROWTH
2026-10-02 16:52:51,117 - INFO -   [135/138] SBI Focused FUND Regular GROWTH
2026-10-02 16:52:51,117 - INFO -   [136/138] SBI SMALL CAP FUND REGULAR GROWTH
2026-10-02 16:52:51,117 - INFO -   [137/138] SBI TECHNOLOGY OPPORTUNITIES FUND GROWTH
2026-10-02 16:52:51,118 - INFO -   [138/138] SGBFEB32IV
2026-10-02 16:52:51,118 - INFO - Writing /home/runner/work/bharatmarkets/bharatmarkets/data/market_data.json …
2026-10-02 16:52:51,727 - INFO - ✓ DONE. 138 symbols → /home/runner/work/bharatmarkets/bharatmarkets/data/market_data.json (13107.8 KB)
2026-10-02 16:52:51,727 - INFO - ✓ Each symbol has 19 buckets (18 + derived_metrics)
2026-10-02 16:52:51,727 - WARNING - UNMAPPED FIELDS - add to FIELD_MAP:
2026-10-02 16:52:51,727 - WARNING -   AADHARHFC: ['yahoofin_raw:info::fulldayPrice', 'yahoofin_raw:info::fulldayChange', 'yahoofin_raw:info::fulldayChangePercent']
2026-10-02 16:52:51,728 - WARNING -   ABCAPITAL: ['yahoofin_raw:info::fulldayPrice', 'yahoofin_raw:info::fulldayChange', 'yahoofin_raw:info::fulldayChangePercent']
2026-10-02 16:52:51,728 - WARNING -   ABFRL: ['yahoofin_raw:info::fulldayPrice', 'yahoofin_raw:info::fulldayChange', 'yahoofin_raw:info::fulldayChangePercent']
2026-10-02 16:52:51,728 - WARNING -   ACMESOLAR: ['yahoofin_raw:info::fulldayPrice', 'yahoofin_raw:info::fulldayChange', 'yahoofin_raw:info::fulldayChangePercent']
2026-10-02 16:52:51,728 - WARNING -   AEROENTER: ['yahoofin_raw:info::fulldayPrice', 'yahoofin_raw:info::fulldayChange', 'yahoofin_raw:info::fulldayChangePercent']
2026-10-02 16:52:51,728 - WARNING -   AFCONS: ['yahoofin_raw:info::fulldayPrice', 'yahoofin_raw:info::fulldayChange', 'yahoofin_raw:info::fulldayChangePercent']
2026-10-02 16:52:51,728 - WARNING -   APOLLOHOSP: ['yahoofin_raw:info::fulldayPrice', 'yahoofin_raw:info::fulldayChange', 'yahoofin_raw:info::fulldayChangePercent']
2026-10-02 16:52:51,728 - WARNING -   ARE&M: ['yahoofin_raw:info::fulldayPrice', 'yahoofin_raw:info::fulldayChange', 'yahoofin_raw:info::fulldayChangePercent']
2026-10-02 16:52:51,728 - WARNING -   ARROWGREEN: ['yahoofin_raw:info::fulldayPrice', 'yahoofin_raw:info::fulldayChange', 'yahoofin_raw:info::fulldayChangePercent']
2026-10-02 16:52:51,728 - WARNING -   ASALCBR: ['yahoofin_raw:info::fulldayPrice', 'yahoofin_raw:info::fulldayChange', 'yahoofin_raw:info::fulldayChangePercent']
2026-10-02 16:52:51,728 - WARNING -   AVANTEL: ['yahoofin_raw:info::fulldayPrice', 'yahoofin_raw:info::fulldayChange', 'yahoofin_raw:info::fulldayChangePercent']
2026-10-02 16:52:51,728 - WARNING -   AVANTIFEED: ['yahoofin_raw:info::fulldayPrice', 'yahoofin_raw:info::fulldayChange', 'yahoofin_raw:info::fulldayChangePercent']
2026-10-02 16:52:51,728 - WARNING -   AWHCL: ['yahoofin_raw:info::fulldayPrice', 'yahoofin_raw:info::fulldayChange', 'yahoofin_raw:info::fulldayChangePercent']
2026-10-02 16:52:51,728 - WARNING -   AZAD: ['yahoofin_raw:info::fulldayPrice', 'yahoofin_raw:info::fulldayChange', 'yahoofin_raw:info::fulldayChangePercent']
2026-10-02 16:52:51,728 - WARNING -   AZADIND: ['yahoofin_raw:info::fulldayPrice', 'yahoofin_raw:info::fulldayChange', 'yahoofin_raw:info::fulldayChangePercent']
2026-10-02 16:52:51,728 - WARNING -   BDL: ['yahoofin_raw:info::fulldayPrice', 'yahoofin_raw:info::fulldayChange', 'yahoofin_raw:info::fulldayChangePercent']
2026-10-02 16:52:51,728 - WARNING -   BIOCON: ['yahoofin_raw:info::fulldayPrice', 'yahoofin_raw:info::fulldayChange', 'yahoofin_raw:info::fulldayChangePercent']
2026-10-02 16:52:51,728 - WARNING -   BLACKBOX: ['yahoofin_raw:info::fulldayPrice', 'yahoofin_raw:info::fulldayChange', 'yahoofin_raw:info::fulldayChangePercent']
2026-10-02 16:52:51,728 - WARNING -   CAPITALNUM: ['yahoofin_raw:info::fulldayPrice', 'yahoofin_raw:info::fulldayChange', 'yahoofin_raw:info::fulldayChangePercent']
2026-10-02 16:52:51,729 - WARNING -   CDSL: ['yahoofin_raw:info::fulldayPrice', 'yahoofin_raw:info::fulldayChange', 'yahoofin_raw:info::fulldayChangePercent']
2026-10-02 16:52:51,729 - WARNING -   CELLO: ['yahoofin_raw:info::fulldayPrice', 'yahoofin_raw:info::fulldayChange', 'yahoofin_raw:info::fulldayChangePercent']
2026-10-02 16:52:51,729 - WARNING -   CHAMBLFERT: ['yahoofin_raw:info::fulldayPrice', 'yahoofin_raw:info::fulldayChange', 'yahoofin_raw:info::fulldayChangePercent']
2026-10-02 16:52:51,729 - WARNING -   COCHINSHIP: ['yahoofin_raw:info::fulldayPrice', 'yahoofin_raw:info::fulldayChange', 'yahoofin_raw:info::fulldayChangePercent']
2026-10-02 16:52:51,729 - WARNING -   COFORGE: ['yahoofin_raw:info::fulldayPrice', 'yahoofin_raw:info::fulldayChange', 'yahoofin_raw:info::fulldayChangePercent']
2026-10-02 16:52:51,729 - WARNING -   DATAMATICS: ['yahoofin_raw:info::fulldayPrice', 'yahoofin_raw:info::fulldayChange', 'yahoofin_raw:info::fulldayChangePercent']
2026-10-02 16:52:51,729 - WARNING -   DATAPATTNS: ['yahoofin_raw:info::fulldayPrice', 'yahoofin_raw:info::fulldayChange', 'yahoofin_raw:info::fulldayChangePercent']
2026-10-02 16:52:51,729 - WARNING -   DHARMAJ: ['yahoofin_raw:info::fulldayPrice', 'yahoofin_raw:info::fulldayChange', 'yahoofin_raw:info::fulldayChangePercent']
2026-10-02 16:52:51,729 - WARNING -   DRREDDY: ['yahoofin_raw:info::fulldayPrice', 'yahoofin_raw:info::fulldayChange', 'yahoofin_raw:info::fulldayChangePercent']
2026-10-02 16:52:51,729 - WARNING -   ENGINERSIN: ['yahoofin_raw:info::fulldayPrice', 'yahoofin_raw:info::fulldayChange', 'yahoofin_raw:info::fulldayChangePercent']
2026-10-02 16:52:51,729 - WARNING -   EQUITASBNK: ['yahoofin_raw:info::fulldayPrice', 'yahoofin_raw:info::fulldayChange', 'yahoofin_raw:info::fulldayChangePercent']
2026-10-02 16:52:51,729 - WARNING -   FEDERALBNK: ['yahoofin_raw:info::fulldayPrice', 'yahoofin_raw:info::fulldayChange', 'yahoofin_raw:info::fulldayChangePercent']
2026-10-02 16:52:51,729 - WARNING -   FINCABLES: ['yahoofin_raw:info::fulldayPrice', 'yahoofin_raw:info::fulldayChange', 'yahoofin_raw:info::fulldayChangePercent']
2026-10-02 16:52:51,729 - WARNING -   FSL: ['yahoofin_raw:info::fulldayPrice', 'yahoofin_raw:info::fulldayChange', 'yahoofin_raw:info::fulldayChangePercent']
2026-10-02 16:52:51,729 - WARNING -   GANESHCP: ['yahoofin_raw:info::fulldayPrice', 'yahoofin_raw:info::fulldayChange', 'yahoofin_raw:info::fulldayChangePercent']
2026-10-02 16:52:51,729 - WARNING -   GESHIP: ['yahoofin_raw:info::fulldayPrice', 'yahoofin_raw:info::fulldayChange', 'yahoofin_raw:info::fulldayChangePercent']
2026-10-02 16:52:51,729 - WARNING -   GMRAIRPORT: ['yahoofin_raw:info::fulldayPrice', 'yahoofin_raw:info::fulldayChange', 'yahoofin_raw:info::fulldayChangePercent']
2026-10-02 16:52:51,729 - WARNING -   GRAPHITE: ['yahoofin_raw:info::fulldayPrice', 'yahoofin_raw:info::fulldayChange', 'yahoofin_raw:info::fulldayChangePercent']
2026-10-02 16:52:51,729 - WARNING -   GREAVESCOT: ['yahoofin_raw:info::fulldayPrice', 'yahoofin_raw:info::fulldayChange', 'yahoofin_raw:info::fulldayChangePercent']
2026-10-02 16:52:51,729 - WARNING -   GRSE: ['yahoofin_raw:info::fulldayPrice', 'yahoofin_raw:info::fulldayChange', 'yahoofin_raw:info::fulldayChangePercent']
2026-10-02 16:52:51,729 - WARNING -   HAL: ['yahoofin_raw:info::fulldayPrice', 'yahoofin_raw:info::fulldayChange', 'yahoofin_raw:info::fulldayChangePercent']
2026-10-02 16:52:51,730 - WARNING -   HBLENGINE: ['yahoofin_raw:info::fulldayPrice', 'yahoofin_raw:info::fulldayChange', 'yahoofin_raw:info::fulldayChangePercent']
2026-10-02 16:52:51,730 - WARNING -   HDFCBANK: ['yahoofin_raw:info::fulldayPrice', 'yahoofin_raw:info::fulldayChange', 'yahoofin_raw:info::fulldayChangePercent']
2026-10-02 16:52:51,730 - WARNING -   HDFCLIFE: ['yahoofin_raw:info::fulldayPrice', 'yahoofin_raw:info::fulldayChange', 'yahoofin_raw:info::fulldayChangePercent']
2026-10-02 16:52:51,730 - WARNING -   HEBL: ['yahoofin_raw:info::fulldayPrice', 'yahoofin_raw:info::fulldayChange', 'yahoofin_raw:info::fulldayChangePercent']
2026-10-02 16:52:51,730 - WARNING -   HFCL: ['yahoofin_raw:info::fulldayPrice', 'yahoofin_raw:info::fulldayChange', 'yahoofin_raw:info::fulldayChangePercent']
2026-10-02 16:52:51,730 - WARNING -   HINDCOPPER: ['yahoofin_raw:info::fulldayPrice', 'yahoofin_raw:info::fulldayChange', 'yahoofin_raw:info::fulldayChangePercent']
2026-10-02 16:52:51,730 - WARNING -   HINDZINC: ['yahoofin_raw:info::fulldayPrice', 'yahoofin_raw:info::fulldayChange', 'yahoofin_raw:info::fulldayChangePercent']
2026-10-02 16:52:51,730 - WARNING -   HIRECT: ['yahoofin_raw:info::fulldayPrice', 'yahoofin_raw:info::fulldayChange', 'yahoofin_raw:info::fulldayChangePercent']
2026-10-02 16:52:51,730 - WARNING -   ICICIBANK: ['yahoofin_raw:info::fulldayPrice', 'yahoofin_raw:info::fulldayChange', 'yahoofin_raw:info::fulldayChangePercent']
2026-10-02 16:52:51,730 - WARNING -   IDFCFIRSTB: ['yahoofin_raw:info::fulldayPrice', 'yahoofin_raw:info::fulldayChange', 'yahoofin_raw:info::fulldayChangePercent']
2026-10-02 16:52:51,730 - WARNING -   IGIL: ['yahoofin_raw:info::fulldayPrice', 'yahoofin_raw:info::fulldayChange', 'yahoofin_raw:info::fulldayChangePercent']
2026-10-02 16:52:51,730 - WARNING -   INDIANB: ['yahoofin_raw:info::fulldayPrice', 'yahoofin_raw:info::fulldayChange', 'yahoofin_raw:info::fulldayChangePercent']
2026-10-02 16:52:51,730 - WARNING -   INDOTECH: ['yahoofin_raw:info::fulldayPrice', 'yahoofin_raw:info::fulldayChange', 'yahoofin_raw:info::fulldayChangePercent']
2026-10-02 16:52:51,730 - WARNING -   INDUSTOWER: ['yahoofin_raw:info::fulldayPrice', 'yahoofin_raw:info::fulldayChange', 'yahoofin_raw:info::fulldayChangePercent']
2026-10-02 16:52:51,730 - WARNING -   INOXINDIA: ['yahoofin_raw:info::fulldayPrice', 'yahoofin_raw:info::fulldayChange', 'yahoofin_raw:info::fulldayChangePercent']
2026-10-02 16:52:51,730 - WARNING -   INTELLECT: ['yahoofin_raw:info::fulldayPrice', 'yahoofin_raw:info::fulldayChange', 'yahoofin_raw:info::fulldayChangePercent']
2026-10-02 16:52:51,730 - WARNING -   INTERARCH: ['yahoofin_raw:info::fulldayPrice', 'yahoofin_raw:info::fulldayChange', 'yahoofin_raw:info::fulldayChangePercent']
2026-10-02 16:52:51,730 - WARNING -   IOC: ['yahoofin_raw:info::fulldayPrice', 'yahoofin_raw:info::fulldayChange', 'yahoofin_raw:info::fulldayChangePercent']
2026-10-02 16:52:51,730 - WARNING -   IREDA: ['yahoofin_raw:info::fulldayPrice', 'yahoofin_raw:info::fulldayChange', 'yahoofin_raw:info::fulldayChangePercent']
2026-10-02 16:52:51,731 - WARNING -   ITC: ['yahoofin_raw:info::fulldayPrice', 'yahoofin_raw:info::fulldayChange', 'yahoofin_raw:info::fulldayChangePercent']
2026-10-02 16:52:51,731 - WARNING -   JUNIORBEES: ['yahoofin_raw:info::fulldayPrice', 'yahoofin_raw:info::fulldayChange', 'yahoofin_raw:info::fulldayChangePercent']
2026-10-02 16:52:51,731 - WARNING -   JYOTHYLAB: ['yahoofin_raw:info::fulldayPrice', 'yahoofin_raw:info::fulldayChange', 'yahoofin_raw:info::fulldayChangePercent']
2026-10-02 16:52:51,731 - WARNING -   KAYNES: ['yahoofin_raw:info::fulldayPrice', 'yahoofin_raw:info::fulldayChange', 'yahoofin_raw:info::fulldayChangePercent']
2026-10-02 16:52:51,731 - WARNING -   KEI: ['yahoofin_raw:info::fulldayPrice', 'yahoofin_raw:info::fulldayChange', 'yahoofin_raw:info::fulldayChangePercent']
2026-10-02 16:52:51,731 - WARNING -   KPENERGY: ['yahoofin_raw:info::fulldayPrice', 'yahoofin_raw:info::fulldayChange', 'yahoofin_raw:info::fulldayChangePercent']
2026-10-02 16:52:51,731 - WARNING -   KPPL: ['yahoofin_raw:info::fulldayPrice', 'yahoofin_raw:info::fulldayChange', 'yahoofin_raw:info::fulldayChangePercent']
2026-10-02 16:52:51,731 - WARNING -   LMW: ['yahoofin_raw:info::fulldayPrice', 'yahoofin_raw:info::fulldayChange', 'yahoofin_raw:info::fulldayChangePercent']
2026-10-02 16:52:51,731 - WARNING -   MAHABANK: ['yahoofin_raw:info::fulldayPrice', 'yahoofin_raw:info::fulldayChange', 'yahoofin_raw:info::fulldayChangePercent']
2026-10-02 16:52:51,731 - WARNING -   MAITHANALL: ['yahoofin_raw:info::fulldayPrice', 'yahoofin_raw:info::fulldayChange', 'yahoofin_raw:info::fulldayChangePercent']
2026-10-02 16:52:51,731 - WARNING -   MAPMYINDIA: ['yahoofin_raw:info::fulldayPrice', 'yahoofin_raw:info::fulldayChange', 'yahoofin_raw:info::fulldayChangePercent']
2026-10-02 16:52:51,731 - WARNING -   MARKSANS: ['yahoofin_raw:info::fulldayPrice', 'yahoofin_raw:info::fulldayChange', 'yahoofin_raw:info::fulldayChangePercent']
2026-10-02 16:52:51,731 - WARNING -   MBEL: ['yahoofin_raw:info::fulldayPrice', 'yahoofin_raw:info::fulldayChange', 'yahoofin_raw:info::fulldayChangePercent']
2026-10-02 16:52:51,731 - WARNING -   MCDOWELL-N: ['yahoofin_raw:info::fulldayPrice', 'yahoofin_raw:info::fulldayChange', 'yahoofin_raw:info::fulldayChangePercent']
2026-10-02 16:52:51,731 - WARNING -   MEDANTA: ['yahoofin_raw:info::fulldayPrice', 'yahoofin_raw:info::fulldayChange', 'yahoofin_raw:info::fulldayChangePercent']
2026-10-02 16:52:51,731 - WARNING -   MIRZAINT: ['yahoofin_raw:info::fulldayPrice', 'yahoofin_raw:info::fulldayChange', 'yahoofin_raw:info::fulldayChangePercent']
2026-10-02 16:52:51,731 - WARNING -   MMFL: ['yahoofin_raw:info::fulldayPrice', 'yahoofin_raw:info::fulldayChange', 'yahoofin_raw:info::fulldayChangePercent']
2026-10-02 16:52:51,731 - WARNING -   NAVA: ['yahoofin_raw:info::fulldayPrice', 'yahoofin_raw:info::fulldayChange', 'yahoofin_raw:info::fulldayChangePercent']
2026-10-02 16:52:51,731 - WARNING -   NCC: ['yahoofin_raw:info::fulldayPrice', 'yahoofin_raw:info::fulldayChange', 'yahoofin_raw:info::fulldayChangePercent']
2026-10-02 16:52:51,731 - WARNING -   NETWEB: ['yahoofin_raw:info::fulldayPrice', 'yahoofin_raw:info::fulldayChange', 'yahoofin_raw:info::fulldayChangePercent']
2026-10-02 16:52:51,731 - WARNING -   NIFTYBEES: ['yahoofin_raw:info::fulldayPrice', 'yahoofin_raw:info::fulldayChange', 'yahoofin_raw:info::fulldayChangePercent']
2026-10-02 16:52:51,732 - WARNING -   OIL: ['yahoofin_raw:info::fulldayPrice', 'yahoofin_raw:info::fulldayChange', 'yahoofin_raw:info::fulldayChangePercent']
2026-10-02 16:52:51,732 - WARNING -   PACEDIGITK: ['yahoofin_raw:info::fulldayPrice', 'yahoofin_raw:info::fulldayChange', 'yahoofin_raw:info::fulldayChangePercent']
2026-10-02 16:52:51,732 - WARNING -   PAISALO: ['yahoofin_raw:info::fulldayPrice', 'yahoofin_raw:info::fulldayChange', 'yahoofin_raw:info::fulldayChangePercent']
2026-10-02 16:52:51,732 - WARNING -   PFC: ['yahoofin_raw:info::fulldayPrice', 'yahoofin_raw:info::fulldayChange', 'yahoofin_raw:info::fulldayChangePercent']
2026-10-02 16:52:51,732 - WARNING -   PNB: ['yahoofin_raw:info::fulldayPrice', 'yahoofin_raw:info::fulldayChange', 'yahoofin_raw:info::fulldayChangePercent']
2026-10-02 16:52:51,732 - WARNING -   POWERGRID: ['yahoofin_raw:info::fulldayPrice', 'yahoofin_raw:info::fulldayChange', 'yahoofin_raw:info::fulldayChangePercent']
2026-10-02 16:52:51,732 - WARNING -   PVRINOX: ['yahoofin_raw:info::fulldayPrice', 'yahoofin_raw:info::fulldayChange', 'yahoofin_raw:info::fulldayChangePercent']
2026-10-02 16:52:51,732 - WARNING -   QUALITY: ['yahoofin_raw:info::fulldayPrice', 'yahoofin_raw:info::fulldayChange', 'yahoofin_raw:info::fulldayChangePercent']
2026-10-02 16:52:51,732 - WARNING -   RATEGAIN: ['yahoofin_raw:info::fulldayPrice', 'yahoofin_raw:info::fulldayChange', 'yahoofin_raw:info::fulldayChangePercent']
2026-10-02 16:52:51,732 - WARNING -   RECLTD: ['yahoofin_raw:info::fulldayPrice', 'yahoofin_raw:info::fulldayChange', 'yahoofin_raw:info::fulldayChangePercent']
2026-10-02 16:52:51,732 - WARNING -   REDTAPE: ['yahoofin_raw:info::fulldayPrice', 'yahoofin_raw:info::fulldayChange', 'yahoofin_raw:info::fulldayChangePercent']
2026-10-02 16:52:51,732 - WARNING -   REPCOHOME: ['yahoofin_raw:info::fulldayPrice', 'yahoofin_raw:info::fulldayChange', 'yahoofin_raw:info::fulldayChangePercent']
2026-10-02 16:52:51,732 - WARNING -   REVATHI: ['yahoofin_raw:info::fulldayPrice', 'yahoofin_raw:info::fulldayChange', 'yahoofin_raw:info::fulldayChangePercent']
2026-10-02 16:52:51,732 - WARNING -   ROSSTECH: ['yahoofin_raw:info::fulldayPrice', 'yahoofin_raw:info::fulldayChange', 'yahoofin_raw:info::fulldayChangePercent']
2026-10-02 16:52:51,732 - WARNING -   S&SPOWER: ['yahoofin_raw:info::fulldayPrice', 'yahoofin_raw:info::fulldayChange', 'yahoofin_raw:info::fulldayChangePercent']
2026-10-02 16:52:51,732 - WARNING -   SAGILITY: ['yahoofin_raw:info::fulldayPrice', 'yahoofin_raw:info::fulldayChange', 'yahoofin_raw:info::fulldayChangePercent']
2026-10-02 16:52:51,732 - WARNING -   SANDUMA: ['yahoofin_raw:info::fulldayPrice', 'yahoofin_raw:info::fulldayChange', 'yahoofin_raw:info::fulldayChangePercent']
2026-10-02 16:52:51,732 - WARNING -   SBIN: ['yahoofin_raw:info::fulldayPrice', 'yahoofin_raw:info::fulldayChange', 'yahoofin_raw:info::fulldayChangePercent']
2026-10-02 16:52:51,732 - WARNING -   SESHAPAPER: ['yahoofin_raw:info::fulldayPrice', 'yahoofin_raw:info::fulldayChange', 'yahoofin_raw:info::fulldayChangePercent']
2026-10-02 16:52:51,732 - WARNING -   SHILCHAR: ['yahoofin_raw:info::fulldayPrice', 'yahoofin_raw:info::fulldayChange', 'yahoofin_raw:info::fulldayChangePercent']
2026-10-02 16:52:51,732 - WARNING -   SHREEREF: ['yahoofin_raw:info::fulldayPrice', 'yahoofin_raw:info::fulldayChange', 'yahoofin_raw:info::fulldayChangePercent']
2026-10-02 16:52:51,732 - WARNING -   SIKA: ['yahoofin_raw:info::fulldayPrice', 'yahoofin_raw:info::fulldayChange', 'yahoofin_raw:info::fulldayChangePercent']
2026-10-02 16:52:51,733 - WARNING -   SKMEGGPROD: ['yahoofin_raw:info::fulldayPrice', 'yahoofin_raw:info::fulldayChange', 'yahoofin_raw:info::fulldayChangePercent']
2026-10-02 16:52:51,733 - WARNING -   SUNFLAG: ['yahoofin_raw:info::fulldayPrice', 'yahoofin_raw:info::fulldayChange', 'yahoofin_raw:info::fulldayChangePercent']
2026-10-02 16:52:51,733 - WARNING -   SUPRIYA: ['yahoofin_raw:info::fulldayPrice', 'yahoofin_raw:info::fulldayChange', 'yahoofin_raw:info::fulldayChangePercent']
2026-10-02 16:52:51,733 - WARNING -   SUYOG: ['yahoofin_raw:info::fulldayPrice', 'yahoofin_raw:info::fulldayChange', 'yahoofin_raw:info::fulldayChangePercent']
2026-10-02 16:52:51,733 - WARNING -   SUZLON: ['yahoofin_raw:info::fulldayPrice', 'yahoofin_raw:info::fulldayChange', 'yahoofin_raw:info::fulldayChangePercent']
2026-10-02 16:52:51,733 - WARNING -   TATAPOWER: ['yahoofin_raw:info::fulldayPrice', 'yahoofin_raw:info::fulldayChange', 'yahoofin_raw:info::fulldayChangePercent']
2026-10-02 16:52:51,733 - WARNING -   TDPOWERSYS: ['yahoofin_raw:info::fulldayPrice', 'yahoofin_raw:info::fulldayChange', 'yahoofin_raw:info::fulldayChangePercent']
2026-10-02 16:52:51,733 - WARNING -   TITANBIO: ['yahoofin_raw:info::fulldayPrice', 'yahoofin_raw:info::fulldayChange', 'yahoofin_raw:info::fulldayChangePercent']
2026-10-02 16:52:51,733 - WARNING -   TRUALT: ['yahoofin_raw:info::fulldayPrice', 'yahoofin_raw:info::fulldayChange', 'yahoofin_raw:info::fulldayChangePercent']
2026-10-02 16:52:51,733 - WARNING -   VAML: ['yahoofin_raw:info::fulldayPrice', 'yahoofin_raw:info::fulldayChange', 'yahoofin_raw:info::fulldayChangePercent']
2026-10-02 16:52:51,733 - WARNING -   VEDL: ['yahoofin_raw:info::fulldayPrice', 'yahoofin_raw:info::fulldayChange', 'yahoofin_raw:info::fulldayChangePercent']
2026-10-02 16:52:51,733 - WARNING -   VEDPOWER: ['yahoofin_raw:info::fulldayPrice', 'yahoofin_raw:info::fulldayChange', 'yahoofin_raw:info::fulldayChangePercent']
2026-10-02 16:52:51,733 - WARNING -   VENTIVE: ['yahoofin_raw:info::fulldayPrice', 'yahoofin_raw:info::fulldayChange', 'yahoofin_raw:info::fulldayChangePercent']
2026-10-02 16:52:51,733 - WARNING -   VISL: ['yahoofin_raw:info::fulldayPrice', 'yahoofin_raw:info::fulldayChange', 'yahoofin_raw:info::fulldayChangePercent']
2026-10-02 16:52:51,733 - WARNING -   VOGL: ['yahoofin_raw:info::fulldayPrice', 'yahoofin_raw:info::fulldayChange', 'yahoofin_raw:info::fulldayChangePercent']
2026-10-02 16:52:51,733 - WARNING -   VOLTAMP: ['yahoofin_raw:info::fulldayPrice', 'yahoofin_raw:info::fulldayChange', 'yahoofin_raw:info::fulldayChangePercent']
2026-10-02 16:52:51,733 - WARNING -   WEWORK: ['yahoofin_raw:info::fulldayPrice', 'yahoofin_raw:info::fulldayChange', 'yahoofin_raw:info::fulldayChangePercent']
2026-10-02 16:52:51,733 - WARNING -   ZENTEC: ['yahoofin_raw:info::fulldayPrice', 'yahoofin_raw:info::fulldayChange', 'yahoofin_raw:info::fulldayChangePercent']
2026-10-02 16:52:51,733 - WARNING -   ZINKA: ['yahoofin_raw:info::fulldayPrice', 'yahoofin_raw:info::fulldayChange', 'yahoofin_raw:info::fulldayChangePercent']
2026-10-02 16:52:51,734 - INFO - ── Post-load audit ──────────────────────────────────────────
2026-10-02 16:52:51,734 - INFO -   AUDIT ✓ A. Ticker count | 138 tickers
2026-10-02 16:52:51,734 - INFO -   AUDIT ✓ B. All buckets present
2026-10-02 16:52:51,734 - WARNING -   AUDIT ✗ C. net_profit present | ['ADITYA BIRLA SUN LIFE DIGITAL INDIA FUND GROWTH', 'ADITYA BIRLA SUN LIFE FOCUSED FUND GROWTH', 'AXIS SMALL CAP FUND GROWTH', 'BANDHAN ELSS TAX SAVER FUND GROWTH', 'BARODA BNP PARIBAS AGGRESSIVE HYBRID FUND GROWTH']
2026-10-02 16:52:51,734 - WARNING -   AUDIT ✗ D. OHLCV min bars | ['AADHARHFC.ohlcv_weekly:0<10', 'ABCAPITAL.ohlcv_weekly:0<10', 'ABFRL.ohlcv_weekly:0<10']
2026-10-02 16:52:51,735 - WARNING -   AUDIT ✗ E. Promoters present | ['FEDERALBNK', 'ADITYA BIRLA SUN LIFE DIGITAL INDIA FUND GROWTH', 'ADITYA BIRLA SUN LIFE FOCUSED FUND GROWTH', 'AXIS SMALL CAP FUND GROWTH', 'BANDHAN ELSS TAX SAVER FUND GROWTH']
2026-10-02 16:52:51,741 - INFO -   AUDIT ✓ F. No _periods wrappers
2026-10-02 16:52:51,755 - INFO -   AUDIT ✓ G. No string values in financials
2026-10-02 16:52:51,755 - INFO -   AUDIT ✓ H. Clean field names (no PascalCase/yf_)
2026-10-02 16:52:51,756 - WARNING -   AUDIT ✗ I. Zero unmapped fields | 363
2026-10-02 16:52:51,756 - WARNING -   AUDIT ✗ J. Screener ratios present | ['VAML', 'VISL', 'VOGL', 'ADITYA BIRLA SUN LIFE DIGITAL INDIA FUND GROWTH', 'ADITYA BIRLA SUN LIFE FOCUSED FUND GROWTH']
2026-10-02 16:52:51,756 - INFO -   AUDIT ✓ K. Valuation sub-groups
2026-10-02 16:52:51,756 - INFO -   AUDIT ✓ L. OHLCV bar types
2026-10-02 16:52:51,756 - INFO -   AUDIT ✓ M. Sanity values
2026-10-02 16:52:51,756 - INFO -   AUDIT ✓ N. Scoring coverage & ratings valid | 138 tickers scored
2026-10-02 16:52:51,757 - INFO -   AUDIT ✓ O. Score ranges 0-100
2026-10-02 16:52:51,757 - INFO -   AUDIT ✓ P. hasData consistency
2026-10-02 16:52:51,758 - INFO -   AUDIT ✓ Q. Anti-pinning / dispersion
2026-10-02 16:52:51,758 - INFO -   AUDIT ✓ R. Component coverage floors
2026-10-02 16:52:51,758 - INFO -   AUDIT ℹ S. Consumer Staples: median PE 16 vs pe_fair 45 (-64%) — review anchor
2026-10-02 16:52:51,758 - INFO -   AUDIT ℹ S. Defence: median PE 76 vs pe_fair 38 (+101%) — review anchor
2026-10-02 16:52:51,758 - INFO -   AUDIT ℹ S. Healthcare: median PE 46 vs pe_fair 32 (+44%) — review anchor
2026-10-02 16:52:51,758 - INFO -   AUDIT ℹ S. Information Technology: median PE 37 vs pe_fair 26 (+44%) — review anchor
2026-10-02 16:52:51,759 - INFO - ── Audit: 13/18 passed | 5 failed: ['C. net_profit present', 'D. OHLCV min bars', 'E. Promoters present', 'I. Zero unmapped fields', 'J. Screener ratios present']
2026-10-02 16:52:51,759 - WARNING - ⚠ AUDIT: gaps recorded above — output written, review before deploying
